---
source: crates/rattler_installs_packages/src/artifacts/wheel.rs
assertion_line: 1360
expression: record_content
---
debugpy-1.5.1.dist-info/INSTALLER,sha256=FpzDrzfcP6oI1mbsvYAjw7hT2I4P4wr99k5NKqmKJt0,10
debugpy-1.5.1.dist-info/LICENSE,sha256=g8PtOU5gAGfBe30cCb0-og8HA7jAcW5qn0FLmfy9-BA,1176
debugpy-1.5.1.dist-info/METADATA,sha256=XHM2ip0bBX7VdB2Z3ysMriDmwJYvXxC5nUmEF7hZOVM,1218
debugpy-1.5.1.dist-info/RECORD,,
debugpy-1.5.1.dist-info/WHEEL,sha256=RiwktpmF40OphKd3_aIG01PzIOQlJ7dpBn3cFSc9vak,217
debugpy-1.5.1.dist-info/top_level.txt,sha256=6Om6JTEaqkWnj-9-7kJOJr988sTO6iSuiK4N9X6RLpg,8
debugpy/ThirdPartyNotices.txt,sha256=WzmT853BlHOtkEiV_xtk96iazYeVDKWB2tqKMtcm_jo,34345
debugpy/__init__.py,sha256=3p5prgJlWVNhhZbF04l9n82EQFMjQoj0eSjJbKw9h8A,6492
debugpy/__main__.py,sha256=50NIoJgRM6As6lDP68Pl3JyeN_S_TOimK1KbcK9lS-0,1996
debugpy/__pycache__/__init__.cpython-<version>.pyc,,
debugpy/__pycache__/__main__.cpython-<version>.pyc,,
debugpy/__pycache__/_version.cpython-<version>.pyc,,
debugpy/_vendored/__init__.py,sha256=DmiEZG-KrvS_WHcTCbnzePQ7U9Son9h7APbshHSLkfs,3962
debugpy/_vendored/__pycache__/__init__.cpython-<version>.pyc,,
debugpy/_vendored/__pycache__/_pydevd_packaging.cpython-<version>.pyc,,
debugpy/_vendored/__pycache__/_util.cpython-<version>.pyc,,
debugpy/_vendored/__pycache__/force_pydevd.cpython-<version>.pyc,,
debugpy/_vendored/_pydevd_packaging.py,sha256=gExWsIc50WMfjSPzwiooK9oQ08PSaEdkA5O2jlvkUSo,1322
debugpy/_vendored/_util.py,sha256=MyvORIJ5npyly_Abk8Rx6zAXfAr7kNX6sHGS_CX88lk,1924
debugpy/_vendored/force_pydevd.py,sha256=99g-HAlovmX3mGHpZdKRmjxfyh-14G9ZBsiI8x1qosQ,2598
debugpy/_vendored/pydevd/__pycache__/pydev_app_engine_debug_startup.cpython-<version>.pyc,,
debugpy/_vendored/pydevd/__pycache__/pydev_coverage.cpython-<version>.pyc,,
debugpy/_vendored/pydevd/__pycache__/pydev_pysrc.cpython-<version>.pyc,,
debugpy/_vendored/pydevd/__pycache__/pydev_run_in_console.cpython-<version>.pyc,,
debugpy/_vendored/pydevd/__pycache__/pydevconsole.cpython-<version>.pyc,,
debugpy/_vendored/pydevd/__pycache__/pydevd.cpython-<version>.pyc,,
debugpy/_vendored/pydevd/__pycache__/pydevd_file_utils.cpython-<version>.pyc,,
debugpy/_vendored/pydevd/__pycache__/pydevd_tracing.cpython-<version>.pyc,,
debugpy/_vendored/pydevd/__pycache__/setup_cython.cpython-<version>.pyc,,
debugpy/_vendored/pydevd/_pydev_bundle/__init__.py,sha256=47DEQpj8HBSa-_TImW-5JCeuQeRkm5NMpJWZG3hSuFU,0
debugpy/_vendored/pydevd/_pydev_bundle/__pycache__/__init__.cpython-<version>.pyc,,
debugpy/_vendored/pydevd/_pydev_bundle/__pycache__/_pydev_calltip_util.cpython-<version>.pyc,,
debugpy/_vendored/pydevd/_pydev_bundle/__pycache__/_pydev_completer.cpython-<version>.pyc,,
debugpy/_vendored/pydevd/_pydev_bundle/__pycache__/_pydev_filesystem_encoding.cpython-<version>.pyc,,
debugpy/_vendored/pydevd/_pydev_bundle/__pycache__/_pydev_getopt.cpython-<version>.pyc,,
debugpy/_vendored/pydevd/_pydev_bundle/__pycache__/_pydev_imports_tipper.cpython-<version>.pyc,,
debugpy/_vendored/pydevd/_pydev_bundle/__pycache__/_pydev_jy_imports_tipper.cpython-<version>.pyc,,
debugpy/_vendored/pydevd/_pydev_bundle/__pycache__/_pydev_log.cpython-<version>.pyc,,
debugpy/_vendored/pydevd/_pydev_bundle/__pycache__/_pydev_tipper_common.cpython-<version>.pyc,,
debugpy/_vendored/pydevd/_pydev_bundle/__pycache__/pydev_console_utils.cpython-<version>.pyc,,
debugpy/_vendored/pydevd/_pydev_bundle/__pycache__/pydev_import_hook.cpython-<version>.pyc,,
debugpy/_vendored/pydevd/_pydev_bundle/__pycache__/pydev_imports.cpython-<version>.pyc,,
debugpy/_vendored/pydevd/_pydev_bundle/__pycache__/pydev_ipython_console.cpython-<version>.pyc,,
debugpy/_vendored/pydevd/_pydev_bundle/__pycache__/pydev_ipython_console_011.cpython-<version>.pyc,,
debugpy/_vendored/pydevd/_pydev_bundle/__pycache__/pydev_is_thread_alive.cpython-<version>.pyc,,
debugpy/_vendored/pydevd/_pydev_bundle/__pycache__/pydev_localhost.cpython-<version>.pyc,,
debugpy/_vendored/pydevd/_pydev_bundle/__pycache__/pydev_log.cpython-<version>.pyc,,
debugpy/_vendored/pydevd/_pydev_bundle/__pycache__/pydev_monkey.cpython-<version>.pyc,,
debugpy/_vendored/pydevd/_pydev_bundle/__pycache__/pydev_monkey_qt.cpython-<version>.pyc,,
debugpy/_vendored/pydevd/_pydev_bundle/__pycache__/pydev_override.cpython-<version>.pyc,,
debugpy/_vendored/pydevd/_pydev_bundle/__pycache__/pydev_umd.cpython-<version>.pyc,,
debugpy/_vendored/pydevd/_pydev_bundle/__pycache__/pydev_versioncheck.cpython-<version>.pyc,,
debugpy/_vendored/pydevd/_pydev_bundle/_pydev_calltip_util.py,sha256=jFzIheIjlnvzHZhxOk0o4kEzZBYdXlJPYXF3gDFBc9Q,4916
debugpy/_vendored/pydevd/_pydev_bundle/_pydev_completer.py,sha256=q3gGdjg0dNsj6iNUhqyLObj6IzE1xGrEogN9j62MCvs,9190
debugpy/_vendored/pydevd/_pydev_bundle/_pydev_filesystem_encoding.py,sha256=VyYZXhesz-t_frcGmzm6b5K2ccv7yYRTXWcdbqxwpzM,1095
debugpy/_vendored/pydevd/_pydev_bundle/_pydev_getopt.py,sha256=YYphxNwTDyaD73sWznWqc41Clw5vHF85-rIALwHqXB0,4458
debugpy/_vendored/pydevd/_pydev_bundle/_pydev_imports_tipper.py,sha256=2PkkJqtizcHZL1ujT9PnhwQZiRW4_hMfS7fXPBNQMXY,12696
debugpy/_vendored/pydevd/_pydev_bundle/_pydev_jy_imports_tipper.py,sha256=lbGbIEigb0fPk8nFtZ8_02C9MoGqDeCZYzkBZO2MOVQ,17247
debugpy/_vendored/pydevd/_pydev_bundle/_pydev_log.py,sha256=oqvjZnkPR6LVxo2Uew5hgzyL8d1-eLb1fbQEoxkCT-s,651
debugpy/_vendored/pydevd/_pydev_bundle/_pydev_tipper_common.py,sha256=0vfGhewsEo5mQv5-8cEoLt4EQbsgwFseC-65E0qRy_w,1652
debugpy/_vendored/pydevd/_pydev_bundle/fsnotify/__init__.py,sha256=cBJiXKQ5WFt2sP_t1dXOzMv9fEmB7Dp8ZGBOWwEv1xM,12996
debugpy/_vendored/pydevd/_pydev_bundle/fsnotify/__pycache__/__init__.cpython-<version>.pyc,,
debugpy/_vendored/pydevd/_pydev_bundle/fsnotify/__pycache__/scandir_vendored.cpython-<version>.pyc,,
debugpy/_vendored/pydevd/_pydev_bundle/fsnotify/scandir_vendored.py,sha256=KCOwdkBO2IA_hye_IV41JLNzpbYP45rJB0RiqXTAI8s,26249
debugpy/_vendored/pydevd/_pydev_bundle/pydev_console_utils.py,sha256=R4A1iw-frdkk2cOCTmuc9eARzNXCFN7ZHh0DhwcgLMA,23984
debugpy/_vendored/pydevd/_pydev_bundle/pydev_import_hook.py,sha256=XdBAWRKEFCFYrKInRvc50NSwK47ekqHFaH1OZ3fGNq4,1403
debugpy/_vendored/pydevd/_pydev_bundle/pydev_imports.py,sha256=cWBcSmL9yMaDugdPfj_0gzrL-uxa52qiKCcmZrhf2-E,1315
debugpy/_vendored/pydevd/_pydev_bundle/pydev_ipython_console.py,sha256=KCEHrMi-CJw4oKF2ycE5Oc3Vxg_uDhuO3VeZyK86gKw,3898
debugpy/_vendored/pydevd/_pydev_bundle/pydev_ipython_console_011.py,sha256=BjRvdvQYBzBtz5RsjkD5HAs5_rphtT1D8ROH9rVgtBQ,21529
debugpy/_vendored/pydevd/_pydev_bundle/pydev_is_thread_alive.py,sha256=_slfQniKKuaPDMBlNoB65i_RnEMCbm-iPCBGxUyqOZk,694
debugpy/_vendored/pydevd/_pydev_bundle/pydev_localhost.py,sha256=81x9tnhTgovsWCyDQ1WRfm70YLWMqtyEjfTH88aJVxE,2131
debugpy/_vendored/pydevd/_pydev_bundle/pydev_log.py,sha256=4j4LHC2hyzZd8z6WDZ7JF6mNSqBspn1Vu4L2w4qk8Dw,7009
debugpy/_vendored/pydevd/_pydev_bundle/pydev_monkey.py,sha256=4oTdGehfv5ifvMaNCcmlv6ve7ntkzzv4bfn41Fj36YA,40436
debugpy/_vendored/pydevd/_pydev_bundle/pydev_monkey_qt.py,sha256=zuTRyofNFQkxu92Po3XTZtL2CqA04_RH1Yisv05pN7w,7403
debugpy/_vendored/pydevd/_pydev_bundle/pydev_override.py,sha256=lL3tGSnQsziztbyePyrk9eu-xmgAWU2YQwxtv2t3to4,872
debugpy/_vendored/pydevd/_pydev_bundle/pydev_umd.py,sha256=sB3WtTfwSOxVpyBnX2OpZyxNcOzS2ZfNaSjP6jHNhZE,6219
debugpy/_vendored/pydevd/_pydev_bundle/pydev_versioncheck.py,sha256=VpGp1SZeDMPimt--5dq7LDfB6mKyPGRcAsQUCwuFHuw,510
debugpy/_vendored/pydevd/_pydev_imps/__init__.py,sha256=47DEQpj8HBSa-_TImW-5JCeuQeRkm5NMpJWZG3hSuFU,0
debugpy/_vendored/pydevd/_pydev_imps/__pycache__/__init__.cpython-<version>.pyc,,
debugpy/_vendored/pydevd/_pydev_imps/__pycache__/_pydev_BaseHTTPServer.cpython-<version>.pyc,,
debugpy/_vendored/pydevd/_pydev_imps/__pycache__/_pydev_execfile.cpython-<version>.pyc,,
debugpy/_vendored/pydevd/_pydev_imps/__pycache__/_pydev_saved_modules.cpython-<version>.pyc,,
debugpy/_vendored/pydevd/_pydev_imps/__pycache__/_pydev_sys_patch.cpython-<version>.pyc,,
debugpy/_vendored/pydevd/_pydev_imps/_pydev_BaseHTTPServer.py,sha256=UA11g3JLOkuKIIjXBfIekiBlvbt4UqI3zwNp98hJQC8,22564
debugpy/_vendored/pydevd/_pydev_imps/_pydev_SimpleXMLRPCServer.py,sha256=h6hlRsjHU0VECmx_shsuKty4Bpca-U6gyaGW1hK7Gts,21572
debugpy/_vendored/pydevd/_pydev_imps/_pydev_SocketServer.py,sha256=bvZ96ktY7MUydkRqR0Ob1wE99D6Lq9j6I9I2Hpekk6Q,23567
debugpy/_vendored/pydevd/_pydev_imps/_pydev_execfile.py,sha256=C8N0zyOWzULka6yQmpih8ck6gPhEGCjp0DwWhuPR9Bg,955
debugpy/_vendored/pydevd/_pydev_imps/_pydev_inspect.py,sha256=Z24kjK6o3kNu2gbYjmAXOf3mzM6hiXUqDscQJU5G-DI,31489
debugpy/_vendored/pydevd/_pydev_imps/_pydev_pkgutil_old.py,sha256=BvxWellTIt0PKD1ydVF5WE6spt7qOAvMctaOTc_WK9o,20346
debugpy/_vendored/pydevd/_pydev_imps/_pydev_saved_modules.py,sha256=p4skX8doXsG7v8SMe7j3OBktRjXlH4QK0dXGFr3OeB0,5298
debugpy/_vendored/pydevd/_pydev_imps/_pydev_sys_patch.py,sha256=PXNAU7BBdzCdVyquZfnLzirYkXnSdJuaud5ZecFLUng,2241
debugpy/_vendored/pydevd/_pydev_imps/_pydev_xmlrpclib.py,sha256=vkPvc1Xd1mPJBBTq7HVbOVJFiIICFAeB9_y9sb3y_qU,46867
debugpy/_vendored/pydevd/_pydev_runfiles/__init__.py,sha256=47DEQpj8HBSa-_TImW-5JCeuQeRkm5NMpJWZG3hSuFU,0
debugpy/_vendored/pydevd/_pydev_runfiles/__pycache__/__init__.cpython-<version>.pyc,,
debugpy/_vendored/pydevd/_pydev_runfiles/__pycache__/pydev_runfiles.cpython-<version>.pyc,,
debugpy/_vendored/pydevd/_pydev_runfiles/__pycache__/pydev_runfiles_coverage.cpython-<version>.pyc,,
debugpy/_vendored/pydevd/_pydev_runfiles/__pycache__/pydev_runfiles_nose.cpython-<version>.pyc,,
debugpy/_vendored/pydevd/_pydev_runfiles/__pycache__/pydev_runfiles_parallel.cpython-<version>.pyc,,
debugpy/_vendored/pydevd/_pydev_runfiles/__pycache__/pydev_runfiles_parallel_client.cpython-<version>.pyc,,
debugpy/_vendored/pydevd/_pydev_runfiles/__pycache__/pydev_runfiles_pytest2.cpython-<version>.pyc,,
debugpy/_vendored/pydevd/_pydev_runfiles/__pycache__/pydev_runfiles_unittest.cpython-<version>.pyc,,
debugpy/_vendored/pydevd/_pydev_runfiles/__pycache__/pydev_runfiles_xml_rpc.cpython-<version>.pyc,,
debugpy/_vendored/pydevd/_pydev_runfiles/pydev_runfiles.py,sha256=w3vZw_cQyUVil0JXC7zHel5_i_BOsMxgyIWDBpz8Lg8,31802
debugpy/_vendored/pydevd/_pydev_runfiles/pydev_runfiles_coverage.py,sha256=sWjARGt1-4SZXYDNVML20bWd3IBG5stPgs7Q3Cm4ub8,3499
debugpy/_vendored/pydevd/_pydev_runfiles/pydev_runfiles_nose.py,sha256=WbVPKZ85iSMv3xcUQ3FKNqZrFHlIU8Eh1-bmZNrn01Y,7665
debugpy/_vendored/pydevd/_pydev_runfiles/pydev_runfiles_parallel.py,sha256=mUyzO7f3MThvyDaAJXUnHjdpHQoUCpQPDatBxqVmEyk,10081
debugpy/_vendored/pydevd/_pydev_runfiles/pydev_runfiles_parallel_client.py,sha256=wwl8UBpGRSqTvw8VCdl2S7G0O-SyXtOmVFIPKz4oh9E,7722
debugpy/_vendored/pydevd/_pydev_runfiles/pydev_runfiles_pytest2.py,sha256=4yJ722JoBgg2SoPzww2vVbc7Wex6MBvyJFZNEZEt2qw,10333
debugpy/_vendored/pydevd/_pydev_runfiles/pydev_runfiles_unittest.py,sha256=XDWm-HrIVpBsdxUani-yf17p0HklVvYowvS6sTpA0Mo,7905
debugpy/_vendored/pydevd/_pydev_runfiles/pydev_runfiles_xml_rpc.py,sha256=6yDuRnSL_TckQHD632zMZpZInuRgOsCLGS46fk_OWwY,11034
debugpy/_vendored/pydevd/_pydevd_bundle/__init__.py,sha256=47DEQpj8HBSa-_TImW-5JCeuQeRkm5NMpJWZG3hSuFU,0
debugpy/_vendored/pydevd/_pydevd_bundle/__pycache__/__init__.cpython-<version>.pyc,,
debugpy/_vendored/pydevd/_pydevd_bundle/__pycache__/pydevd_additional_thread_info.cpython-<version>.pyc,,
debugpy/_vendored/pydevd/_pydevd_bundle/__pycache__/pydevd_additional_thread_info_regular.cpython-<version>.pyc,,
debugpy/_vendored/pydevd/_pydevd_bundle/__pycache__/pydevd_api.cpython-<version>.pyc,,
debugpy/_vendored/pydevd/_pydevd_bundle/__pycache__/pydevd_breakpoints.cpython-<version>.pyc,,
debugpy/_vendored/pydevd/_pydevd_bundle/__pycache__/pydevd_bytecode_utils.cpython-<version>.pyc,,
debugpy/_vendored/pydevd/_pydevd_bundle/__pycache__/pydevd_code_to_source.cpython-<version>.pyc,,
debugpy/_vendored/pydevd/_pydevd_bundle/__pycache__/pydevd_collect_bytecode_info.cpython-<version>.pyc,,
debugpy/_vendored/pydevd/_pydevd_bundle/__pycache__/pydevd_comm.cpython-<version>.pyc,,
debugpy/_vendored/pydevd/_pydevd_bundle/__pycache__/pydevd_comm_constants.cpython-<version>.pyc,,
debugpy/_vendored/pydevd/_pydevd_bundle/__pycache__/pydevd_command_line_handling.cpython-<version>.pyc,,
debugpy/_vendored/pydevd/_pydevd_bundle/__pycache__/pydevd_console.cpython-<version>.pyc,,
debugpy/_vendored/pydevd/_pydevd_bundle/__pycache__/pydevd_constants.cpython-<version>.pyc,,
debugpy/_vendored/pydevd/_pydevd_bundle/__pycache__/pydevd_custom_frames.cpython-<version>.pyc,,
debugpy/_vendored/pydevd/_pydevd_bundle/__pycache__/pydevd_cython_wrapper.cpython-<version>.pyc,,
debugpy/_vendored/pydevd/_pydevd_bundle/__pycache__/pydevd_daemon_thread.cpython-<version>.pyc,,
debugpy/_vendored/pydevd/_pydevd_bundle/__pycache__/pydevd_defaults.cpython-<version>.pyc,,
debugpy/_vendored/pydevd/_pydevd_bundle/__pycache__/pydevd_dont_trace.cpython-<version>.pyc,,
debugpy/_vendored/pydevd/_pydevd_bundle/__pycache__/pydevd_dont_trace_files.cpython-<version>.pyc,,
debugpy/_vendored/pydevd/_pydevd_bundle/__pycache__/pydevd_exec2.cpython-<version>.pyc,,
debugpy/_vendored/pydevd/_pydevd_bundle/__pycache__/pydevd_extension_api.cpython-<version>.pyc,,
debugpy/_vendored/pydevd/_pydevd_bundle/__pycache__/pydevd_extension_utils.cpython-<version>.pyc,,
debugpy/_vendored/pydevd/_pydevd_bundle/__pycache__/pydevd_filtering.cpython-<version>.pyc,,
debugpy/_vendored/pydevd/_pydevd_bundle/__pycache__/pydevd_frame.cpython-<version>.pyc,,
debugpy/_vendored/pydevd/_pydevd_bundle/__pycache__/pydevd_frame_utils.cpython-<version>.pyc,,
debugpy/_vendored/pydevd/_pydevd_bundle/__pycache__/pydevd_import_class.cpython-<version>.pyc,,
debugpy/_vendored/pydevd/_pydevd_bundle/__pycache__/pydevd_io.cpython-<version>.pyc,,
debugpy/_vendored/pydevd/_pydevd_bundle/__pycache__/pydevd_json_debug_options.cpython-<version>.pyc,,
debugpy/_vendored/pydevd/_pydevd_bundle/__pycache__/pydevd_net_command.cpython-<version>.pyc,,
debugpy/_vendored/pydevd/_pydevd_bundle/__pycache__/pydevd_net_command_factory_json.cpython-<version>.pyc,,
debugpy/_vendored/pydevd/_pydevd_bundle/__pycache__/pydevd_net_command_factory_xml.cpython-<version>.pyc,,
debugpy/_vendored/pydevd/_pydevd_bundle/__pycache__/pydevd_plugin_utils.cpython-<version>.pyc,,
debugpy/_vendored/pydevd/_pydevd_bundle/__pycache__/pydevd_process_net_command.cpython-<version>.pyc,,
debugpy/_vendored/pydevd/_pydevd_bundle/__pycache__/pydevd_process_net_command_json.cpython-<version>.pyc,,
debugpy/_vendored/pydevd/_pydevd_bundle/__pycache__/pydevd_referrers.cpython-<version>.pyc,,
debugpy/_vendored/pydevd/_pydevd_bundle/__pycache__/pydevd_reload.cpython-<version>.pyc,,
debugpy/_vendored/pydevd/_pydevd_bundle/__pycache__/pydevd_resolver.cpython-<version>.pyc,,
debugpy/_vendored/pydevd/_pydevd_bundle/__pycache__/pydevd_safe_repr.cpython-<version>.pyc,,
debugpy/_vendored/pydevd/_pydevd_bundle/__pycache__/pydevd_save_locals.cpython-<version>.pyc,,
debugpy/_vendored/pydevd/_pydevd_bundle/__pycache__/pydevd_signature.cpython-<version>.pyc,,
debugpy/_vendored/pydevd/_pydevd_bundle/__pycache__/pydevd_source_mapping.cpython-<version>.pyc,,
debugpy/_vendored/pydevd/_pydevd_bundle/__pycache__/pydevd_stackless.cpython-<version>.pyc,,
debugpy/_vendored/pydevd/_pydevd_bundle/__pycache__/pydevd_suspended_frames.cpython-<version>.pyc,,
debugpy/_vendored/pydevd/_pydevd_bundle/__pycache__/pydevd_thread_lifecycle.cpython-<version>.pyc,,
debugpy/_vendored/pydevd/_pydevd_bundle/__pycache__/pydevd_timeout.cpython-<version>.pyc,,
debugpy/_vendored/pydevd/_pydevd_bundle/__pycache__/pydevd_trace_api.cpython-<version>.pyc,,
debugpy/_vendored/pydevd/_pydevd_bundle/__pycache__/pydevd_trace_dispatch.cpython-<version>.pyc,,
debugpy/_vendored/pydevd/_pydevd_bundle/__pycache__/pydevd_trace_dispatch_regular.cpython-<version>.pyc,,
debugpy/_vendored/pydevd/_pydevd_bundle/__pycache__/pydevd_traceproperty.cpython-<version>.pyc,,
debugpy/_vendored/pydevd/_pydevd_bundle/__pycache__/pydevd_utils.cpython-<version>.pyc,,
debugpy/_vendored/pydevd/_pydevd_bundle/__pycache__/pydevd_vars.cpython-<version>.pyc,,
debugpy/_vendored/pydevd/_pydevd_bundle/__pycache__/pydevd_vm_type.cpython-<version>.pyc,,
debugpy/_vendored/pydevd/_pydevd_bundle/__pycache__/pydevd_xml.cpython-<version>.pyc,,
debugpy/_vendored/pydevd/_pydevd_bundle/_debug_adapter/__init__.py,sha256=47DEQpj8HBSa-_TImW-5JCeuQeRkm5NMpJWZG3hSuFU,0
debugpy/_vendored/pydevd/_pydevd_bundle/_debug_adapter/__main__pydevd_gen_debug_adapter_protocol.py,sha256=mLimVnUBJH9vX4c5c7kNV1cYcoxQhp5UIo79xuQtGQA,22998
debugpy/_vendored/pydevd/_pydevd_bundle/_debug_adapter/__pycache__/__init__.cpython-<version>.pyc,,
debugpy/_vendored/pydevd/_pydevd_bundle/_debug_adapter/__pycache__/__main__pydevd_gen_debug_adapter_protocol.cpython-<version>.pyc,,
debugpy/_vendored/pydevd/_pydevd_bundle/_debug_adapter/__pycache__/pydevd_base_schema.cpython-<version>.pyc,,
debugpy/_vendored/pydevd/_pydevd_bundle/_debug_adapter/__pycache__/pydevd_schema.cpython-<version>.pyc,,
debugpy/_vendored/pydevd/_pydevd_bundle/_debug_adapter/__pycache__/pydevd_schema_log.cpython-<version>.pyc,,
debugpy/_vendored/pydevd/_pydevd_bundle/_debug_adapter/debugProtocol.json,sha256=Z2YfLjFZ_Gj2lGQhsX304F4D-Awb0TQo05KexnHkCIc,145054
debugpy/_vendored/pydevd/_pydevd_bundle/_debug_adapter/debugProtocolCustom.json,sha256=NmKM_bN5s6ozUPXIFc_Q3w6unk6Zf1hb1pgyjvxv4QM,10616
debugpy/_vendored/pydevd/_pydevd_bundle/_debug_adapter/pydevd_base_schema.py,sha256=Ke2Ff_8SRKGSDamE0eZxx8vAYNx4Ka9oJqRmNX5DfQA,3998
debugpy/_vendored/pydevd/_pydevd_bundle/_debug_adapter/pydevd_schema.py,sha256=PGj7qf4rom58l0mP2VyMuk-gBQ8pvnRZhU8pwCPfHc8,726671
debugpy/_vendored/pydevd/_pydevd_bundle/_debug_adapter/pydevd_schema_log.py,sha256=aMICrBzLWCaynZy2TysEvz3_sdHXfrQlFBHJNKl7j7k,1255
debugpy/_vendored/pydevd/_pydevd_bundle/pydevconsole_code_for_ironpython.py,sha256=oib65quuZnDk6H3g4ZOfd1NVK0nDc_icwTREJ9ocSkc,17163
debugpy/_vendored/pydevd/_pydevd_bundle/pydevd_additional_thread_info.py,sha256=FP57omz4K2irhuf5zlRStGoFLglsw9mcwSS-isJ1S8I,1166
debugpy/_vendored/pydevd/_pydevd_bundle/pydevd_additional_thread_info_regular.py,sha256=ImRLUTMGxTQMQIQ_StmewM8fumm9id7FeFPYRTti9AE,5482
debugpy/_vendored/pydevd/_pydevd_bundle/pydevd_api.py,sha256=dv8NWKdMm7oCWzNr_EeMU4QBmvFoZ2qrXPT4AjrDwrE,48095
debugpy/_vendored/pydevd/_pydevd_bundle/pydevd_breakpoints.py,sha256=mTtfLiOvbzdIK5RcrdfZKaOf69w2Ph-AU1U5FsYZiuo,6099
debugpy/_vendored/pydevd/_pydevd_bundle/pydevd_bytecode_utils.py,sha256=YxUTdFvPqSD2YzZPdJL37B70mACPn827SfY3dc9NqVM,25462
debugpy/_vendored/pydevd/_pydevd_bundle/pydevd_code_to_source.py,sha256=OGv0pR-6s9HMtXp5xnxrFU-MU9H7o6a22Kt20b-RtJA,18629
debugpy/_vendored/pydevd/_pydevd_bundle/pydevd_collect_bytecode_info.py,sha256=Kb06t8x46bzmvBS1VYlag272E5hEHRTw-_3W035vR7I,40438
debugpy/_vendored/pydevd/_pydevd_bundle/pydevd_comm.py,sha256=CcVoQ0HcitMO4Sk5pSDvxuYIX8GPeq0xlTl14kw0nN4,75805
debugpy/_vendored/pydevd/_pydevd_bundle/pydevd_comm_constants.py,sha256=S2aiyPQnH-uUdP1hitV2P2dqM9G8t3Ix2CWd3xPF084,6084
debugpy/_vendored/pydevd/_pydevd_bundle/pydevd_command_line_handling.py,sha256=6lpDXSnol8DmD7RDsp7jy9-sDc5ivl2ynm7CqQLbMhw,5699
debugpy/_vendored/pydevd/_pydevd_bundle/pydevd_console.py,sha256=Ggupeu2kQ__ZT-kzvqriiFEUkhlGTrcLZJLQMgKs3LI,9297
debugpy/_vendored/pydevd/_pydevd_bundle/pydevd_constants.py,sha256=MWj5CHA3j2XkTLjYronpa3FFDByZi5JsAIONZ3XnHu0,26478
debugpy/_vendored/pydevd/_pydevd_bundle/pydevd_custom_frames.py,sha256=xWlda8OQ99kBrzN7OKHHf_f0yjGyfLCO6Mj4a6dsrGg,4397
debugpy/_vendored/pydevd/_pydevd_bundle/pydevd_cython.c,sha256=wF8gsrrSmvWXhtaFyPHggOcxoCmZ0NpHvDw0xmin61E,2005023
debugpy/_vendored/pydevd/_pydevd_bundle/pydevd_cython.cpython-<version>-x86_64-linux-gnu.so,sha256=SUoMxysyjiB00Yh6zrHs6xYNPwRJZbImE4sj6QsFDAQ,787040
debugpy/_vendored/pydevd/_pydevd_bundle/pydevd_cython.pxd,sha256=DAyGU9lwZDgyhYIZ9aP1al46ubcx9zZjzf0cwNtALw0,1193
debugpy/_vendored/pydevd/_pydevd_bundle/pydevd_cython.pyx,sha256=McAl_KIVjN3y-xOW_cT0JiICe9qzkGctcohvLjJ0DPE,86727
debugpy/_vendored/pydevd/_pydevd_bundle/pydevd_cython_wrapper.py,sha256=hVfzhgMunBeuVkGl9qVnE6uMFFSX4DdhxPl0K2-Tcd4,1600
debugpy/_vendored/pydevd/_pydevd_bundle/pydevd_daemon_thread.py,sha256=6jKrCTHrtCE1_qcT9tjkHio5vZl9aZeFTOOmW3ZKF2Y,2962
debugpy/_vendored/pydevd/_pydevd_bundle/pydevd_defaults.py,sha256=MPtBnGvKRn65IbEHftl0Y_KH0Yy_jXNjZuzEL8qEQmI,217
debugpy/_vendored/pydevd/_pydevd_bundle/pydevd_dont_trace.py,sha256=vOYpH4i6tWq-DX8oCtW2UNu1BrI7Px-UysiXjLPxjUs,3567
debugpy/_vendored/pydevd/_pydevd_bundle/pydevd_dont_trace_files.py,sha256=3gujIfl9gyAt9wcfQLn_6ew4-V92MDxD3BUKh4OUroE,6133
debugpy/_vendored/pydevd/_pydevd_bundle/pydevd_exec.py,sha256=JEQU1r8V1h-R3h9o1z_4FpNV74AR_8bczB61zTCCoXA,161
debugpy/_vendored/pydevd/_pydevd_bundle/pydevd_exec2.py,sha256=8q6dcEHDfJE6bdwNyrRFXa_vYOlTrHz3UVBtYzhnJJo,159
debugpy/_vendored/pydevd/_pydevd_bundle/pydevd_extension_api.py,sha256=uPT7-XMNe1snBXDzfuFH6fBGPe6xYuD5YEQI1uO-zvA,3288
debugpy/_vendored/pydevd/_pydevd_bundle/pydevd_extension_utils.py,sha256=DZYt56rfRm_4wjSXG7cUSFqgJBUKvYOnpHPxIWWpQR4,2369
debugpy/_vendored/pydevd/_pydevd_bundle/pydevd_filtering.py,sha256=DViwKDyTSE4YQb0Gvlqf_DShX97BIAKjhBeYuPY_qRs,13004
debugpy/_vendored/pydevd/_pydevd_bundle/pydevd_frame.py,sha256=ZNe4pvKOjAVPS20qnbxAK1oN9sR5kqVK3eNklNNvzuc,59256
debugpy/_vendored/pydevd/_pydevd_bundle/pydevd_frame_utils.py,sha256=hPg2OQT0yjt8ZmR3uLQFoMEVNs7ImWvrG35yp7SvJMM,8897
debugpy/_vendored/pydevd/_pydevd_bundle/pydevd_import_class.py,sha256=XigIMYbVg6IsNY3shHca-R26vGG5wMTGygdyh38vaU8,1838
debugpy/_vendored/pydevd/_pydevd_bundle/pydevd_io.py,sha256=8tVxCjCXlE-dTLSQKXNRIW-dOV33iha8zwfhgNzPHzY,8740
debugpy/_vendored/pydevd/_pydevd_bundle/pydevd_json_debug_options.py,sha256=32YCtElMQCG0HhhPfe6r26we07bJKOPQRVHMwrcnJgs,6320
debugpy/_vendored/pydevd/_pydevd_bundle/pydevd_net_command.py,sha256=3y3LAj_9scbSQQhX8YapW7MoL0DVn9wEh4u0pYKYKQI,4543
debugpy/_vendored/pydevd/_pydevd_bundle/pydevd_net_command_factory_json.py,sha256=sDmm4q1PZqsnnWZcwQeJwlQ2hMBKLzAienkREaVCxSE,20150
debugpy/_vendored/pydevd/_pydevd_bundle/pydevd_net_command_factory_xml.py,sha256=qgSjzQAaJx83s8TtDjRt2kWNUBAr-byaG74y0G_xIpU,22205
debugpy/_vendored/pydevd/_pydevd_bundle/pydevd_plugin_utils.py,sha256=5azIt1MGftKwB7Y5YTtvGPC9agQt7xM23zjvKqGjeig,2484
debugpy/_vendored/pydevd/_pydevd_bundle/pydevd_process_net_command.py,sha256=b_8KYGhq6IrTEInN-1tNUy3Nqu3A3_ucBPpQcdHJWWA,34267
debugpy/_vendored/pydevd/_pydevd_bundle/pydevd_process_net_command_json.py,sha256=fOKc7lreX0po9M0deIQSJwuk8G89JdHs1zItsgcUtyM,54489
debugpy/_vendored/pydevd/_pydevd_bundle/pydevd_referrers.py,sha256=LuFNFeiOX7gv2eLL5Nrd_dXvODXpudQ6ptXdbPUpUj4,8797
debugpy/_vendored/pydevd/_pydevd_bundle/pydevd_reload.py,sha256=y8NxWaifIu9UGKwgFGbJvlgr4_zEt4H8HpszLPviTWc,15740
debugpy/_vendored/pydevd/_pydevd_bundle/pydevd_resolver.py,sha256=YdfkTzjRoiI4PpL3rcRy9kw2jc46l_tLQ2am5b_oosY,25580
debugpy/_vendored/pydevd/_pydevd_bundle/pydevd_safe_repr.py,sha256=ZffXT58ln9rfbTpo-u18WBNZ86edS6PGRAImNzwaUaI,17555
debugpy/_vendored/pydevd/_pydevd_bundle/pydevd_save_locals.py,sha256=lH5AJKZuXFivbNgWCUjNAr4QiJD-gzZLjx-zipMPops,1888
debugpy/_vendored/pydevd/_pydevd_bundle/pydevd_signature.py,sha256=jjnRF91f-MWpBc5ho1xuEoOz4GCh3kGLdoDDly1j9fw,6961
debugpy/_vendored/pydevd/_pydevd_bundle/pydevd_source_mapping.py,sha256=k9nt0F1nvIQHTIxKypwp_uBKTnGHdMPQCG7A8m3RnQs,6436
debugpy/_vendored/pydevd/_pydevd_bundle/pydevd_stackless.py,sha256=bu5qoqbbWMd8D-9i7rlmQfjQ2ZQJb7UY4FcALOl4tf8,16958
debugpy/_vendored/pydevd/_pydevd_bundle/pydevd_suspended_frames.py,sha256=jZoRZAem8Qgu1LwPETh_jfd5ReODYY4YQ6E-FU2Z8wM,20537
debugpy/_vendored/pydevd/_pydevd_bundle/pydevd_thread_lifecycle.py,sha256=TbImEkTTByWubCHAplNECgMOfWE1rl2BLNxLHUR1OOw,3417
debugpy/_vendored/pydevd/_pydevd_bundle/pydevd_timeout.py,sha256=jBnBWPkLR3A4PYiARpSka5StQMwQkQH5XY5YEU3fRkg,8364
debugpy/_vendored/pydevd/_pydevd_bundle/pydevd_trace_api.py,sha256=KDzHC3ENqki2OHPA04OqVDi33nXNyZNiCAC0GVH3dY4,1140
debugpy/_vendored/pydevd/_pydevd_bundle/pydevd_trace_dispatch.py,sha256=bIDRhihoBHfcVU9jVlK2TuS-sEIoHEYejTkdHsSXagM,3265
debugpy/_vendored/pydevd/_pydevd_bundle/pydevd_trace_dispatch_regular.py,sha256=B7-aQtICqmHls6XHs1PVsYy-q8iPkRyMeUj7E_Sy-FI,22414
debugpy/_vendored/pydevd/_pydevd_bundle/pydevd_traceproperty.py,sha256=HFRXCQmHUge9qTSRsauKtS_y-a9OpyO40ttm40vPE2o,3628
debugpy/_vendored/pydevd/_pydevd_bundle/pydevd_utils.py,sha256=xErlgB4j0NsLh1AGHgLuvS0WgBef63hvedEGH2ck_zA,14315
debugpy/_vendored/pydevd/_pydevd_bundle/pydevd_vars.py,sha256=FfeYmXhdIr--EQ3w4oOpZ4SCCq4mZcWOWBYj9kTBya8,25911
debugpy/_vendored/pydevd/_pydevd_bundle/pydevd_vm_type.py,sha256=osPhgiDRcU66KFUQffURSEt1GxLsS5B-DuV1ThHR_sY,1578
debugpy/_vendored/pydevd/_pydevd_bundle/pydevd_xml.py,sha256=iziGcGD4vnKKuFRJbx_a5jE2yt5YLMvpXqXB_PrRyNA,14750
debugpy/_vendored/pydevd/_pydevd_frame_eval/.gitignore,sha256=EKhbR-PpYtbvIYhIYeDDdUKDcU_kZf4kBzDgARh1Fgg,87
debugpy/_vendored/pydevd/_pydevd_frame_eval/__init__.py,sha256=47DEQpj8HBSa-_TImW-5JCeuQeRkm5NMpJWZG3hSuFU,0
debugpy/_vendored/pydevd/_pydevd_frame_eval/__pycache__/__init__.cpython-<version>.pyc,,
debugpy/_vendored/pydevd/_pydevd_frame_eval/__pycache__/pydevd_frame_eval_cython_wrapper.cpython-<version>.pyc,,
debugpy/_vendored/pydevd/_pydevd_frame_eval/__pycache__/pydevd_frame_eval_main.cpython-<version>.pyc,,
debugpy/_vendored/pydevd/_pydevd_frame_eval/__pycache__/pydevd_frame_tracing.cpython-<version>.pyc,,
debugpy/_vendored/pydevd/_pydevd_frame_eval/__pycache__/pydevd_modify_bytecode.cpython-<version>.pyc,,
debugpy/_vendored/pydevd/_pydevd_frame_eval/pydevd_frame_eval_cython_wrapper.py,sha256=fsjgGg07ahVCdIMe38savTyAEgQtEzb7vVIldjgLhfE,1343
debugpy/_vendored/pydevd/_pydevd_frame_eval/pydevd_frame_eval_main.py,sha256=gDcorVVPVLBFEHBKpMEqnAHuXOOUOW9F9r5p5UQ7bLg,1651
debugpy/_vendored/pydevd/_pydevd_frame_eval/pydevd_frame_evaluator.c,sha256=gh7v6s06f71HC1giElgVDkhiIJ4d3f_OCxEq-kAE6KY,921586
debugpy/_vendored/pydevd/_pydevd_frame_eval/pydevd_frame_evaluator.cpython-<version>-x86_64-linux-gnu.so,sha256=KAlJ5FpJIVs3UiBMTg_P85ntfEoe6fQuZKWVjZXIaYo,358616
debugpy/_vendored/pydevd/_pydevd_frame_eval/pydevd_frame_evaluator.pxd,sha256=tWox7ZFpba5bKWq8qPG4fGRrf3JmJGewIIfRNCmW8UQ,5039
debugpy/_vendored/pydevd/_pydevd_frame_eval/pydevd_frame_evaluator.pyx,sha256=t4y6sHFu79ZM9QRGLSlq9Ohg_7WS_rKnxulObeOGyU0,31360
debugpy/_vendored/pydevd/_pydevd_frame_eval/pydevd_frame_evaluator.template.pyx,sha256=ypuL9EBh-Qx3u9Np2nlkkvmKwlEs8LA8K8aNbkYjGaE,24548
debugpy/_vendored/pydevd/_pydevd_frame_eval/pydevd_frame_tracing.py,sha256=Natw1WWD3da6dNuIbe6xj3bPJFAx44VvtRrV8ppUdVo,4217
debugpy/_vendored/pydevd/_pydevd_frame_eval/pydevd_modify_bytecode.py,sha256=VztgnwaA6343G-AAKPbKEY7u78U4wK4FXGugUQBh2Vs,13116
debugpy/_vendored/pydevd/_pydevd_frame_eval/release_mem.h,sha256=MbMCNJQXkcJZ8UU7xoH44MwqE3QRWZX5WCAz7zCju6Y,79
debugpy/_vendored/pydevd/_pydevd_frame_eval/vendored/README.txt,sha256=jgSPsMO3Gc8ncNUe5RwdxdVB-YHyAioWMPXHcD6KbQE,700
debugpy/_vendored/pydevd/_pydevd_frame_eval/vendored/__init__.py,sha256=47DEQpj8HBSa-_TImW-5JCeuQeRkm5NMpJWZG3hSuFU,0
debugpy/_vendored/pydevd/_pydevd_frame_eval/vendored/__pycache__/__init__.cpython-<version>.pyc,,
debugpy/_vendored/pydevd/_pydevd_frame_eval/vendored/__pycache__/pydevd_fix_code.cpython-<version>.pyc,,
debugpy/_vendored/pydevd/_pydevd_frame_eval/vendored/bytecode-0.13.0.dev0.dist-info/COPYING,sha256=baWkm-Te2LLURwK7TL0zOkMSVjVCU_ezvObHBo298Tk,1074
debugpy/_vendored/pydevd/_pydevd_frame_eval/vendored/bytecode-0.13.0.dev0.dist-info/INSTALLER,sha256=zuuue4knoyJ-UwPPXg8fezS7VCrXJQrAP7zeNuwvFQg,4
debugpy/_vendored/pydevd/_pydevd_frame_eval/vendored/bytecode-0.13.0.dev0.dist-info/METADATA,sha256=9XadDK6YTQ-FPowYI5DS4ieA7hRGnRP_fM5Z9ioPkEQ,2929
debugpy/_vendored/pydevd/_pydevd_frame_eval/vendored/bytecode-0.13.0.dev0.dist-info/RECORD,sha256=2udHTtpgQXukzLaj7MVfrJhBa40hV7SjP8vyZ5vNqMU,2995
debugpy/_vendored/pydevd/_pydevd_frame_eval/vendored/bytecode-0.13.0.dev0.dist-info/REQUESTED,sha256=47DEQpj8HBSa-_TImW-5JCeuQeRkm5NMpJWZG3hSuFU,0
debugpy/_vendored/pydevd/_pydevd_frame_eval/vendored/bytecode-0.13.0.dev0.dist-info/WHEEL,sha256=OqRkF0eY5GHssMorFjlbTIq072vpHpF60fIQA6lS9xA,92
debugpy/_vendored/pydevd/_pydevd_frame_eval/vendored/bytecode-0.13.0.dev0.dist-info/direct_url.json,sha256=s58Rb4KXRlMKxk-mzpvr_tJRQ-Hx8-DHsU6NdohCnAg,93
debugpy/_vendored/pydevd/_pydevd_frame_eval/vendored/bytecode-0.13.0.dev0.dist-info/top_level.txt,sha256=9BhdB7HqYZ-PvHNoWX6ilwLYWQqcgEOLwdb3aXm5Gys,9
debugpy/_vendored/pydevd/_pydevd_frame_eval/vendored/bytecode/__init__.py,sha256=9hCplBAGV2ZNbI6TkkkC-Zefk_SxbesAVwe2iXtdSPQ,4152
debugpy/_vendored/pydevd/_pydevd_frame_eval/vendored/bytecode/__pycache__/__init__.cpython-<version>.pyc,,
debugpy/_vendored/pydevd/_pydevd_frame_eval/vendored/bytecode/__pycache__/bytecode.cpython-<version>.pyc,,
debugpy/_vendored/pydevd/_pydevd_frame_eval/vendored/bytecode/__pycache__/cfg.cpython-<version>.pyc,,
debugpy/_vendored/pydevd/_pydevd_frame_eval/vendored/bytecode/__pycache__/concrete.cpython-<version>.pyc,,
debugpy/_vendored/pydevd/_pydevd_frame_eval/vendored/bytecode/__pycache__/flags.cpython-<version>.pyc,,
debugpy/_vendored/pydevd/_pydevd_frame_eval/vendored/bytecode/__pycache__/instr.cpython-<version>.pyc,,
debugpy/_vendored/pydevd/_pydevd_frame_eval/vendored/bytecode/__pycache__/peephole_opt.cpython-<version>.pyc,,
debugpy/_vendored/pydevd/_pydevd_frame_eval/vendored/bytecode/bytecode.py,sha256=UACCPg0CuM9RIzNMJLqvLlCzeMBNI1UZ-WAspzO7rQM,6983
debugpy/_vendored/pydevd/_pydevd_frame_eval/vendored/bytecode/cfg.py,sha256=_ngtd6LTdF74Q7eM0kv-jY70Y-1m2dYOVTdL3LABi6U,15391
debugpy/_vendored/pydevd/_pydevd_frame_eval/vendored/bytecode/concrete.py,sha256=0CoEZ5sxVK6BLytJ1KI2qZgSb9-UAMkXwa1GiPaC3ag,22299
debugpy/_vendored/pydevd/_pydevd_frame_eval/vendored/bytecode/flags.py,sha256=ipQqlQuvHn_zwjWkaPlf_-LPTjOTcayut3T-sAijYQU,6020
debugpy/_vendored/pydevd/_pydevd_frame_eval/vendored/bytecode/instr.py,sha256=z5zgc6dJLWlaOxpmiErmR3qoWK-pbsqFQ5DnZhYxp9w,11721
debugpy/_vendored/pydevd/_pydevd_frame_eval/vendored/bytecode/peephole_opt.py,sha256=O7q19q0sDiwN4zVkFGdmceThKK4bQYP_13DFIbH8o8M,15740
debugpy/_vendored/pydevd/_pydevd_frame_eval/vendored/bytecode/tests/__init__.py,sha256=qlpJ7nivOajEtN7mIjg_wpiQPBgjnkNypVy1KdbmlEw,4996
debugpy/_vendored/pydevd/_pydevd_frame_eval/vendored/bytecode/tests/__pycache__/__init__.cpython-<version>.pyc,,
debugpy/_vendored/pydevd/_pydevd_frame_eval/vendored/bytecode/tests/__pycache__/test_bytecode.cpython-<version>.pyc,,
debugpy/_vendored/pydevd/_pydevd_frame_eval/vendored/bytecode/tests/__pycache__/test_cfg.cpython-<version>.pyc,,
debugpy/_vendored/pydevd/_pydevd_frame_eval/vendored/bytecode/tests/__pycache__/test_code.cpython-<version>.pyc,,
debugpy/_vendored/pydevd/_pydevd_frame_eval/vendored/bytecode/tests/__pycache__/test_concrete.cpython-<version>.pyc,,
debugpy/_vendored/pydevd/_pydevd_frame_eval/vendored/bytecode/tests/__pycache__/test_flags.cpython-<version>.pyc,,
debugpy/_vendored/pydevd/_pydevd_frame_eval/vendored/bytecode/tests/__pycache__/test_instr.cpython-<version>.pyc,,
debugpy/_vendored/pydevd/_pydevd_frame_eval/vendored/bytecode/tests/__pycache__/test_misc.cpython-<version>.pyc,,
debugpy/_vendored/pydevd/_pydevd_frame_eval/vendored/bytecode/tests/__pycache__/test_peephole_opt.cpython-<version>.pyc,,
debugpy/_vendored/pydevd/_pydevd_frame_eval/vendored/bytecode/tests/__pycache__/util_annotation.cpython-<version>.pyc,,
debugpy/_vendored/pydevd/_pydevd_frame_eval/vendored/bytecode/tests/test_bytecode.py,sha256=oxR5LHyY7Mp8AnNd5gB9US1E2HLP1_ikKDZ9O1ybB9g,15909
debugpy/_vendored/pydevd/_pydevd_frame_eval/vendored/bytecode/tests/test_cfg.py,sha256=rDlSsB9STCggvl79pv1q6uKUxElzat99z8_KcObcbb8,28547
debugpy/_vendored/pydevd/_pydevd_frame_eval/vendored/bytecode/tests/test_code.py,sha256=5p98FDCpHG2GxUpoMnaw5S6SBakyeMqa5eX29nrOmuo,2425
debugpy/_vendored/pydevd/_pydevd_frame_eval/vendored/bytecode/tests/test_concrete.py,sha256=HKFAg96iZKEjDMpaPwa2LrwERctdWUCTCcnvo-sKnEc,49634
debugpy/_vendored/pydevd/_pydevd_frame_eval/vendored/bytecode/tests/test_flags.py,sha256=vBeWGBHWMvJ4yN7RdJKImSZurjuyeGQz7pHpeBBAKDI,6009
debugpy/_vendored/pydevd/_pydevd_frame_eval/vendored/bytecode/tests/test_instr.py,sha256=hQ6EyqSddjJeUv4vhZFrEiy1xxMiqpyDuCK0xfKbgf8,11676
debugpy/_vendored/pydevd/_pydevd_frame_eval/vendored/bytecode/tests/test_misc.py,sha256=z0K5O16SkAf81IljdDlKumS-x76HSrf5tnNGtsTLuIU,7149
debugpy/_vendored/pydevd/_pydevd_frame_eval/vendored/bytecode/tests/test_peephole_opt.py,sha256=r6-xIPkRHhQlnTWXkt0sU0p0r1A80EgDKoFJTxE2J2A,32993
debugpy/_vendored/pydevd/_pydevd_frame_eval/vendored/bytecode/tests/util_annotation.py,sha256=wKq6yPWrzkNlholl5Y10b3VjuCkoiYVgvcIjk_8jzf8,485
debugpy/_vendored/pydevd/_pydevd_frame_eval/vendored/pydevd_fix_code.py,sha256=0IMNqViUb9NM5gPw9Nv9KUay99XkLoW4TnklupYkdDs,1801
debugpy/_vendored/pydevd/pydev_app_engine_debug_startup.py,sha256=-gA1UJ8pRY3VE8bRc7JhWRmxlRanQ8QG3724O5ioeKA,691
debugpy/_vendored/pydevd/pydev_coverage.py,sha256=-ZjU8fxOu7UbwFpixNQG4yyZoCxdB1WZ1HSJ6QYIeec,3289
debugpy/_vendored/pydevd/pydev_ipython/README,sha256=rvIWDUoNsPxITSg6EUu3L9DihmZUCwx68vQsqo_FSQg,538
debugpy/_vendored/pydevd/pydev_ipython/__init__.py,sha256=47DEQpj8HBSa-_TImW-5JCeuQeRkm5NMpJWZG3hSuFU,0
debugpy/_vendored/pydevd/pydev_ipython/__pycache__/__init__.cpython-<version>.pyc,,
debugpy/_vendored/pydevd/pydev_ipython/__pycache__/inputhook.cpython-<version>.pyc,,
debugpy/_vendored/pydevd/pydev_ipython/__pycache__/inputhookglut.cpython-<version>.pyc,,
debugpy/_vendored/pydevd/pydev_ipython/__pycache__/inputhookgtk.cpython-<version>.pyc,,
debugpy/_vendored/pydevd/pydev_ipython/__pycache__/inputhookgtk3.cpython-<version>.pyc,,
debugpy/_vendored/pydevd/pydev_ipython/__pycache__/inputhookpyglet.cpython-<version>.pyc,,
debugpy/_vendored/pydevd/pydev_ipython/__pycache__/inputhookqt4.cpython-<version>.pyc,,
debugpy/_vendored/pydevd/pydev_ipython/__pycache__/inputhookqt5.cpython-<version>.pyc,,
debugpy/_vendored/pydevd/pydev_ipython/__pycache__/inputhooktk.cpython-<version>.pyc,,
debugpy/_vendored/pydevd/pydev_ipython/__pycache__/inputhookwx.cpython-<version>.pyc,,
debugpy/_vendored/pydevd/pydev_ipython/__pycache__/matplotlibtools.cpython-<version>.pyc,,
debugpy/_vendored/pydevd/pydev_ipython/__pycache__/qt.cpython-<version>.pyc,,
debugpy/_vendored/pydevd/pydev_ipython/__pycache__/qt_for_kernel.cpython-<version>.pyc,,
debugpy/_vendored/pydevd/pydev_ipython/__pycache__/qt_loaders.cpython-<version>.pyc,,
debugpy/_vendored/pydevd/pydev_ipython/__pycache__/version.cpython-<version>.pyc,,
debugpy/_vendored/pydevd/pydev_ipython/inputhook.py,sha256=mkVmhFcCAKVPmf3e_c2u5_xEr6zOuLHxhyPL8k9w6Qs,19548
debugpy/_vendored/pydevd/pydev_ipython/inputhookglut.py,sha256=snuZzu5DlDdmI6BfTqFAIQA0eLwnBx6V_M6UAsHF_ME,5673
debugpy/_vendored/pydevd/pydev_ipython/inputhookgtk.py,sha256=LDLg0tDXbmv-YoODReQKtOu5Aa3ECBr9HUaNJV1UYk0,1107
debugpy/_vendored/pydevd/pydev_ipython/inputhookgtk3.py,sha256=Sh382xr25ztKAQfChBNm4D-NC5UoY-Ho0LTIj3i4Wi8,1104
debugpy/_vendored/pydevd/pydev_ipython/inputhookpyglet.py,sha256=CPhKfN3IQqttSkaU85ym1jTs-UUoUHtylt_rBz-2FUE,3253
debugpy/_vendored/pydevd/pydev_ipython/inputhookqt4.py,sha256=DKOobEvH6bIkkvOF581Vj-rQXWSUU6f7cEc9fzXr3_g,7242
debugpy/_vendored/pydevd/pydev_ipython/inputhookqt5.py,sha256=Avuiyk454sYMzSNKPhg0v9b09mMiOXHqWqRZ3g-NEug,7286
debugpy/_vendored/pydevd/pydev_ipython/inputhooktk.py,sha256=bW7hLVv2JOuP00TSeqIw9O3KKNVHtBBpE5bHASW-bSo,748
debugpy/_vendored/pydevd/pydev_ipython/inputhookwx.py,sha256=KKDl1Am2etPiIP01lIdT-a1t8ZVOnVU2koCl4Eur5Uk,6515
debugpy/_vendored/pydevd/pydev_ipython/matplotlibtools.py,sha256=LPqnCVLg0_U9xv3RApZhWcQhrlhNCAWYpr4ihhVnIks,5440
debugpy/_vendored/pydevd/pydev_ipython/qt.py,sha256=Ley-7H_Fn40za6lJKmekC-r0uOTeOgnH6FIGUBaGqP8,785
debugpy/_vendored/pydevd/pydev_ipython/qt_for_kernel.py,sha256=j35fiIpeWpQHcT_5zNzV9ZjFb23PZGMKzi1LjFBLm1Y,3580
debugpy/_vendored/pydevd/pydev_ipython/qt_loaders.py,sha256=QBBpllnrHsn4G1CBkbLB4CKgoNHShWT6suOzJXFAKeM,7837
debugpy/_vendored/pydevd/pydev_ipython/version.py,sha256=lLBSR8mtlF1eCzwwOejljchAyfSy0opD8b0w_QjR97Q,1227
debugpy/_vendored/pydevd/pydev_pysrc.py,sha256=LKtwQyDYYry3lhL7YalgmehgWD82-NDpqQYYi1bTYj8,100
debugpy/_vendored/pydevd/pydev_run_in_console.py,sha256=gtOXmvCrGauf-OLUQ7EfjeyCSPyY94ATCPB7sXxsxCQ,4806
debugpy/_vendored/pydevd/pydev_sitecustomize/__not_in_default_pythonpath.txt,sha256=hnkTAuxSFW_Tilgw0Bt1RVLrfGRE3hYjAmTPm1k-sc8,21
debugpy/_vendored/pydevd/pydev_sitecustomize/__pycache__/sitecustomize.cpython-<version>.pyc,,
debugpy/_vendored/pydevd/pydev_sitecustomize/sitecustomize.py,sha256=kHFVCILQngtbNTgiaTu0icWDh7hRzqIpMlASeULI8Wo,9473
debugpy/_vendored/pydevd/pydevconsole.py,sha256=N2yTl5-JQy295UtSGdM9Y5WR-Bh_lkr5g9_6d3NzEZA,21557
debugpy/_vendored/pydevd/pydevd.py,sha256=pO6naxIeh6EfLyO6kab-aVk9kmE8etTcPAQz-oaxS00,140536
debugpy/_vendored/pydevd/pydevd_attach_to_process/README.txt,sha256=JibLodU4lzwvGyI8TNbfYhu626MPpYN3z4YAw82zTPU,960
debugpy/_vendored/pydevd/pydevd_attach_to_process/__pycache__/_always_live_program.cpython-<version>.pyc,,
debugpy/_vendored/pydevd/pydevd_attach_to_process/__pycache__/_test_attach_to_process.cpython-<version>.pyc,,
debugpy/_vendored/pydevd/pydevd_attach_to_process/__pycache__/_test_attach_to_process_linux.cpython-<version>.pyc,,
debugpy/_vendored/pydevd/pydevd_attach_to_process/__pycache__/add_code_to_python_process.cpython-<version>.pyc,,
debugpy/_vendored/pydevd/pydevd_attach_to_process/__pycache__/attach_pydevd.cpython-<version>.pyc,,
debugpy/_vendored/pydevd/pydevd_attach_to_process/__pycache__/attach_script.cpython-<version>.pyc,,
debugpy/_vendored/pydevd/pydevd_attach_to_process/_always_live_program.py,sha256=I8Cbq2TR04ferhN1DMds9agFTqF8RST6Pw6diDFHr6o,679
debugpy/_vendored/pydevd/pydevd_attach_to_process/_check.py,sha256=V3f-CCOTcNDrW6oKd3u76ZdYN1qPvznrBuk9BzbcQbs,133
debugpy/_vendored/pydevd/pydevd_attach_to_process/_test_attach_to_process.py,sha256=kM9LFgzX_qQofDb_X0hYMSb8Qfoga-exKBlng3__KZw,297
debugpy/_vendored/pydevd/pydevd_attach_to_process/_test_attach_to_process_linux.py,sha256=ATL8WvNcGPi3wTHtTQL23UhKxnbtG9dwB3MTZEiC-2E,2523
debugpy/_vendored/pydevd/pydevd_attach_to_process/add_code_to_python_process.py,sha256=jUy_DUceV-kC-BIDCijTaYiYXQRJ7Y378sqfLFUKDpg,20737
debugpy/_vendored/pydevd/pydevd_attach_to_process/attach_linux_amd64.so,sha256=jrC9t9VmCS2sECY5mAXGrR40s16SxMH5dbSTI5jSsII,22062
debugpy/_vendored/pydevd/pydevd_attach_to_process/attach_pydevd.py,sha256=EHK1vY0R36A-ZZen6qNZeuclG-EA2frLj1FGOoKLqno,2255
debugpy/_vendored/pydevd/pydevd_attach_to_process/attach_script.py,sha256=09CksGeAMkTypoP955rdT4NKw0kQMHOkX0qq0ACpI6k,7775
debugpy/_vendored/pydevd/pydevd_attach_to_process/common/py_custom_pyeval_settrace.hpp,sha256=iuwL7B9Yucpqa6DX9qs3AW_gI8E8id5R01wLu3P8aFI,8173
debugpy/_vendored/pydevd/pydevd_attach_to_process/common/py_custom_pyeval_settrace_310.hpp,sha256=mNr6LVLPDoCRyxLPTdYb0JWDXSfRn7xuAzPOzZWvoFs,4062
debugpy/_vendored/pydevd/pydevd_attach_to_process/common/py_custom_pyeval_settrace_common.hpp,sha256=r1ch6UgwF4rxW8ehiNnAvJE18VCoUl2TujP7nTCy0vQ,1870
debugpy/_vendored/pydevd/pydevd_attach_to_process/common/py_settrace.hpp,sha256=yoeAYAHFzKvs9UAT_kkHPK_wPXZsoQjYSaBPFjMPnUs,7641
debugpy/_vendored/pydevd/pydevd_attach_to_process/common/py_utils.hpp,sha256=ZQXJc6CFl_gmruVy2Vfm7mdqRGyn6whDW8o0vBlYJT8,3722
debugpy/_vendored/pydevd/pydevd_attach_to_process/common/py_version.hpp,sha256=KVVPPzv2b20DtBFyF78PFa0ciCBHFRgTbNBQxTEW7Xg,2470
debugpy/_vendored/pydevd/pydevd_attach_to_process/common/python.h,sha256=v-9HjtPMPLkbhmqagO0fxVKODXjXitKXHHQVK07ysBE,17897
debugpy/_vendored/pydevd/pydevd_attach_to_process/common/ref_utils.hpp,sha256=8wDFQk9XoAnK2EdM4J-RErKfBYZn93uG6Rw5OCbLsA0,1475
debugpy/_vendored/pydevd/pydevd_attach_to_process/linux_and_mac/.gitignore,sha256=r3rDatBumb9cRDhx35hsdJp9URPUmjgkynAQViLIoR4,82
debugpy/_vendored/pydevd/pydevd_attach_to_process/linux_and_mac/__pycache__/lldb_prepare.cpython-<version>.pyc,,
debugpy/_vendored/pydevd/pydevd_attach_to_process/linux_and_mac/attach.cpp,sha256=xG8NmOwfuhXN93spuG_uEfe0tOn32hnljCqY5f1z354,3703
debugpy/_vendored/pydevd/pydevd_attach_to_process/linux_and_mac/compile_linux.sh,sha256=YbBXAMwXBEE6-jh4cldqPV9USk6rN_fOmGdYOJZsHC8,442
debugpy/_vendored/pydevd/pydevd_attach_to_process/linux_and_mac/compile_mac.sh,sha256=Pr6_ZbfvyRx-kmGNedRSI06ZtZZPRYwPj3VThRrolKs,232
debugpy/_vendored/pydevd/pydevd_attach_to_process/linux_and_mac/compile_manylinux.cmd,sha256=W93C4jG-fGn27rd1Yes3neP2upJTO9qAdKZPf8cvSQE,633
debugpy/_vendored/pydevd/pydevd_attach_to_process/linux_and_mac/lldb_prepare.py,sha256=eSmL1KLLOrG8r4RJyVOd3USUjsplWXdKSCCnnGyGVdo,1691
debugpy/_vendored/pydevd/pydevd_attach_to_process/winappdbg/__init__.py,sha256=2VU5wHMC1RElLHJa5cwPVo6bK8sRDics9cFMtqx3mq4,7917
debugpy/_vendored/pydevd/pydevd_attach_to_process/winappdbg/__pycache__/__init__.cpython-<version>.pyc,,
debugpy/_vendored/pydevd/pydevd_attach_to_process/winappdbg/__pycache__/breakpoint.cpython-<version>.pyc,,
debugpy/_vendored/pydevd/pydevd_attach_to_process/winappdbg/__pycache__/compat.cpython-<version>.pyc,,
debugpy/_vendored/pydevd/pydevd_attach_to_process/winappdbg/__pycache__/crash.cpython-<version>.pyc,,
debugpy/_vendored/pydevd/pydevd_attach_to_process/winappdbg/__pycache__/debug.cpython-<version>.pyc,,
debugpy/_vendored/pydevd/pydevd_attach_to_process/winappdbg/__pycache__/disasm.cpython-<version>.pyc,,
debugpy/_vendored/pydevd/pydevd_attach_to_process/winappdbg/__pycache__/event.cpython-<version>.pyc,,
debugpy/_vendored/pydevd/pydevd_attach_to_process/winappdbg/__pycache__/interactive.cpython-<version>.pyc,,
debugpy/_vendored/pydevd/pydevd_attach_to_process/winappdbg/__pycache__/module.cpython-<version>.pyc,,
debugpy/_vendored/pydevd/pydevd_attach_to_process/winappdbg/__pycache__/process.cpython-<version>.pyc,,
debugpy/_vendored/pydevd/pydevd_attach_to_process/winappdbg/__pycache__/registry.cpython-<version>.pyc,,
debugpy/_vendored/pydevd/pydevd_attach_to_process/winappdbg/__pycache__/search.cpython-<version>.pyc,,
debugpy/_vendored/pydevd/pydevd_attach_to_process/winappdbg/__pycache__/sql.cpython-<version>.pyc,,
debugpy/_vendored/pydevd/pydevd_attach_to_process/winappdbg/__pycache__/system.cpython-<version>.pyc,,
debugpy/_vendored/pydevd/pydevd_attach_to_process/winappdbg/__pycache__/textio.cpython-<version>.pyc,,
debugpy/_vendored/pydevd/pydevd_attach_to_process/winappdbg/__pycache__/thread.cpython-<version>.pyc,,
debugpy/_vendored/pydevd/pydevd_attach_to_process/winappdbg/__pycache__/util.cpython-<version>.pyc,,
debugpy/_vendored/pydevd/pydevd_attach_to_process/winappdbg/__pycache__/window.cpython-<version>.pyc,,
debugpy/_vendored/pydevd/pydevd_attach_to_process/winappdbg/breakpoint.py,sha256=49N-AlYBS8S8ZC_lOXqQKq0ttdWOKjfmRpq8ESfNn84,168168
debugpy/_vendored/pydevd/pydevd_attach_to_process/winappdbg/compat.py,sha256=0KEHUJM9HVPJkzEa_f6cWb6LB7ickr7xOqKvuOVjjeA,5230
debugpy/_vendored/pydevd/pydevd_attach_to_process/winappdbg/crash.py,sha256=bAwe0hjMepdZkfIESfCJSxQJOnCxC7yp046nd6bJTI0,65394
debugpy/_vendored/pydevd/pydevd_attach_to_process/winappdbg/debug.py,sha256=TI59UyIasBZF6iln8OMxtQCkIv4t6hRXqYaED8bRTzg,58709
debugpy/_vendored/pydevd/pydevd_attach_to_process/winappdbg/disasm.py,sha256=e45vidMFkVl2s5nu2YJW4iE5Ng1KnWobNWBWnbaZskQ,24409
debugpy/_vendored/pydevd/pydevd_attach_to_process/winappdbg/event.py,sha256=QzHPCcGvEZ1LrL33ddVegMsb6BURRgVBSi2nV20aOTs,67241
debugpy/_vendored/pydevd/pydevd_attach_to_process/winappdbg/interactive.py,sha256=bkCyxWT7VGbQFSfA_guOwhBzgmfWeqnBT1iq1SnboX0,85840
debugpy/_vendored/pydevd/pydevd_attach_to_process/winappdbg/module.py,sha256=aQOXcKztzBzIhBNuEbSvaNZ-xtDERviWynRzbSVpesw,70615
debugpy/_vendored/pydevd/pydevd_attach_to_process/winappdbg/plugins/README,sha256=jv1M4sXBmkSXjCHp-20IpB5nJqm45bZlrfOBdGS143s,49
debugpy/_vendored/pydevd/pydevd_attach_to_process/winappdbg/plugins/__init__.py,sha256=MiZZRG7w3F0TlOzKtAPc5tuwRESFAbCAEAQMHmOqQfg,1755
debugpy/_vendored/pydevd/pydevd_attach_to_process/winappdbg/plugins/__pycache__/__init__.cpython-<version>.pyc,,
debugpy/_vendored/pydevd/pydevd_attach_to_process/winappdbg/plugins/__pycache__/do_symfix.cpython-<version>.pyc,,
debugpy/_vendored/pydevd/pydevd_attach_to_process/winappdbg/plugins/do_example.py,sha256=0A6Q1211aHupPui4krotTWAoMNS1it12zFVPm7eYV_A,2025
debugpy/_vendored/pydevd/pydevd_attach_to_process/winappdbg/plugins/do_exchain.py,sha256=XMKcHZ0jkfTYSeLDAV3oZnsjVRCmODHHaTxEbtWg9pI,2307
debugpy/_vendored/pydevd/pydevd_attach_to_process/winappdbg/plugins/do_exploitable.py,sha256=3gC6Zh_SuOKSqHD1dYQvgCvVvEBk7jdGX9y2Kkvl918,2179
debugpy/_vendored/pydevd/pydevd_attach_to_process/winappdbg/plugins/do_symfix.py,sha256=uf4OOPGn143IBE-yNc326sBqONLlE_nlXNJ5vDXBedc,1894
debugpy/_vendored/pydevd/pydevd_attach_to_process/winappdbg/process.py,sha256=ViXvPwwEz2_EKrG-myicFCrtUjirrOmCon36AjeUI78,183635
debugpy/_vendored/pydevd/pydevd_attach_to_process/winappdbg/registry.py,sha256=BmThLf5TaXsPEXzk16PqtZHIArZKpSK7f1srG8oFpJ4,21569
debugpy/_vendored/pydevd/pydevd_attach_to_process/winappdbg/search.py,sha256=NuUoyoU7lMZovibgZIjkTKtRsxWVuY3FRYfOJicM7-k,23798
debugpy/_vendored/pydevd/pydevd_attach_to_process/winappdbg/sql.py,sha256=vHnOHabuFHMq4JBu7qf9O6omUrSTOsOGxdxjg81fvuw,34997
debugpy/_vendored/pydevd/pydevd_attach_to_process/winappdbg/system.py,sha256=L5oZqyn68kkoDpFnOYJkaIdTjFle1_tBPwaTPfcKzvo,45884
debugpy/_vendored/pydevd/pydevd_attach_to_process/winappdbg/textio.py,sha256=osUFHqxoZBdGQLmfvPXEFikvNPY_JbiQub5N2_tgee0,62691
debugpy/_vendored/pydevd/pydevd_attach_to_process/winappdbg/thread.py,sha256=uEuXm8xSq4iwZNfwW6wXnrTvF4fpvkYTz--VQUYQ2mg,75478
debugpy/_vendored/pydevd/pydevd_attach_to_process/winappdbg/util.py,sha256=9GFD52PGOg0czJc0oUlpE8sTJVHZnmam84teq938xeg,36223
debugpy/_vendored/pydevd/pydevd_attach_to_process/winappdbg/win32/__init__.py,sha256=LjPLQ0pv6rcHQmb32jV12bGUw_CTsi0atfNuOvkg2nc,2845
debugpy/_vendored/pydevd/pydevd_attach_to_process/winappdbg/win32/__pycache__/__init__.cpython-<version>.pyc,,
debugpy/_vendored/pydevd/pydevd_attach_to_process/winappdbg/win32/__pycache__/advapi32.cpython-<version>.pyc,,
debugpy/_vendored/pydevd/pydevd_attach_to_process/winappdbg/win32/__pycache__/context_amd64.cpython-<version>.pyc,,
debugpy/_vendored/pydevd/pydevd_attach_to_process/winappdbg/win32/__pycache__/context_i386.cpython-<version>.pyc,,
debugpy/_vendored/pydevd/pydevd_attach_to_process/winappdbg/win32/__pycache__/dbghelp.cpython-<version>.pyc,,
debugpy/_vendored/pydevd/pydevd_attach_to_process/winappdbg/win32/__pycache__/defines.cpython-<version>.pyc,,
debugpy/_vendored/pydevd/pydevd_attach_to_process/winappdbg/win32/__pycache__/gdi32.cpython-<version>.pyc,,
debugpy/_vendored/pydevd/pydevd_attach_to_process/winappdbg/win32/__pycache__/kernel32.cpython-<version>.pyc,,
debugpy/_vendored/pydevd/pydevd_attach_to_process/winappdbg/win32/__pycache__/ntdll.cpython-<version>.pyc,,
debugpy/_vendored/pydevd/pydevd_attach_to_process/winappdbg/win32/__pycache__/peb_teb.cpython-<version>.pyc,,
debugpy/_vendored/pydevd/pydevd_attach_to_process/winappdbg/win32/__pycache__/psapi.cpython-<version>.pyc,,
debugpy/_vendored/pydevd/pydevd_attach_to_process/winappdbg/win32/__pycache__/shell32.cpython-<version>.pyc,,
debugpy/_vendored/pydevd/pydevd_attach_to_process/winappdbg/win32/__pycache__/shlwapi.cpython-<version>.pyc,,
debugpy/_vendored/pydevd/pydevd_attach_to_process/winappdbg/win32/__pycache__/user32.cpython-<version>.pyc,,
debugpy/_vendored/pydevd/pydevd_attach_to_process/winappdbg/win32/__pycache__/version.cpython-<version>.pyc,,
debugpy/_vendored/pydevd/pydevd_attach_to_process/winappdbg/win32/__pycache__/wtsapi32.cpython-<version>.pyc,,
debugpy/_vendored/pydevd/pydevd_attach_to_process/winappdbg/win32/advapi32.py,sha256=2EFvqeuxUGiiDGTzkHMV4fEeDZvMxmrByD5hu9ClM8A,120809
debugpy/_vendored/pydevd/pydevd_attach_to_process/winappdbg/win32/context_amd64.py,sha256=8eT1_GvmfpRI2HWWqdNDRJjA6TvpwVl8ZQcVvSZFCOY,25137
debugpy/_vendored/pydevd/pydevd_attach_to_process/winappdbg/win32/context_i386.py,sha256=CLD5RAQi686FfCs0bszEgh_ZVFIj-YrUEt8HRvHE5HE,16108
debugpy/_vendored/pydevd/pydevd_attach_to_process/winappdbg/win32/dbghelp.py,sha256=6mZA5sDvGrIfP76-Jv6bvIYON3cjTruYt29Cxu2QKdQ,46705
debugpy/_vendored/pydevd/pydevd_attach_to_process/winappdbg/win32/defines.py,sha256=Verc00KnY3XSxI0KMpb81U4P6k6MUHCe-NgsxlG7Ie8,22799
debugpy/_vendored/pydevd/pydevd_attach_to_process/winappdbg/win32/gdi32.py,sha256=5i8RpG43wEMAYbcBjEwJaemrVhrlFwGKhkL947CR-7E,16829
debugpy/_vendored/pydevd/pydevd_attach_to_process/winappdbg/win32/kernel32.py,sha256=TeRsADg7eZN1dw7aGepbOIZobGmiKzddT-bKEZ97bQI,164818
debugpy/_vendored/pydevd/pydevd_attach_to_process/winappdbg/win32/ntdll.py,sha256=7PSunl1ixZo5y-bol-w53iE4GhKEPYv7KRiI9_CiOms,22847
debugpy/_vendored/pydevd/pydevd_attach_to_process/winappdbg/win32/peb_teb.py,sha256=KjCX0Yte_g7ty240hehVBbadxmhI2M--bVu0SfhKS9E,159230
debugpy/_vendored/pydevd/pydevd_attach_to_process/winappdbg/win32/psapi.py,sha256=V5n9HSLn0fv5qwe83zMjGGBcTeJ2woJzS_hdjGQhps4,13762
debugpy/_vendored/pydevd/pydevd_attach_to_process/winappdbg/win32/shell32.py,sha256=T2MAPhKCqGfg_JxYGZkWChzlDtDsRAeczsL8fGhSYDA,14007
debugpy/_vendored/pydevd/pydevd_attach_to_process/winappdbg/win32/shlwapi.py,sha256=x7jV5_99GrZU0wlD-ePUeM09Uq_PJ7L1M9YwucIMUEw,25807
debugpy/_vendored/pydevd/pydevd_attach_to_process/winappdbg/win32/user32.py,sha256=-YYdVrMVUZWpzMIBUbeLkNlhQ7VCBhvjWLdZtN9u0Vo,57177
debugpy/_vendored/pydevd/pydevd_attach_to_process/winappdbg/win32/version.py,sha256=uBtrPoubwMv_1CLSf42kpPQOiOrinCtYJkxWqzOl09I,36813
debugpy/_vendored/pydevd/pydevd_attach_to_process/winappdbg/win32/wtsapi32.py,sha256=P-4JIP38rtbQ-iHtdjSBst656mfBeFEBWPZyOrCD_c0,11164
debugpy/_vendored/pydevd/pydevd_attach_to_process/winappdbg/window.py,sha256=E7zOrJKXXm2OnRp_Xvt868_BwEVdh_39etqDQgZYLjQ,24309
debugpy/_vendored/pydevd/pydevd_attach_to_process/windows/attach.cpp,sha256=qRJVdptEyvZtM70x0XmSkGhl3U28EYBZ9zCB2-GW3pE,27447
debugpy/_vendored/pydevd/pydevd_attach_to_process/windows/attach.h,sha256=rWBA3kdzfyHaE9X9Diub3cojoJlXjC3TKnLQv-nGCeA,1846
debugpy/_vendored/pydevd/pydevd_attach_to_process/windows/compile_windows.bat,sha256=Ya3dZjibeVnkN-M3XX5SH_mLGYKTcpJCZSQlSxL6a6A,2074
debugpy/_vendored/pydevd/pydevd_attach_to_process/windows/inject_dll.cpp,sha256=GQmZbpNBRMMW1WFcDFOlJaGLy1-oZ4qCCIyo5exPLBM,4792
debugpy/_vendored/pydevd/pydevd_attach_to_process/windows/py_win_helpers.hpp,sha256=45pO-c1ofub4nn0XY9kMsTm3s48_EPE-VWAhld3704I,2479
debugpy/_vendored/pydevd/pydevd_attach_to_process/windows/run_code_in_memory.hpp,sha256=zvDC9cVGZ6BXEsz_Im-QMIubdw6vX3BCIg2T11cVfvg,3355
debugpy/_vendored/pydevd/pydevd_attach_to_process/windows/run_code_on_dllmain.cpp,sha256=ApQza8ZJrfe2U4jTJPa8ItzvnHc7w2G6Yrfq4BT_56g,2516
debugpy/_vendored/pydevd/pydevd_attach_to_process/windows/stdafx.cpp,sha256=NO8qlc7sKU6oHA_AnXJSodHupZLizp3npBTc-EGpBj8,999
debugpy/_vendored/pydevd/pydevd_attach_to_process/windows/stdafx.h,sha256=l0tEIxxiv0XrIeiJ2zedTd4fYrdlxVTK8ECpBk881WM,1162
debugpy/_vendored/pydevd/pydevd_attach_to_process/windows/targetver.h,sha256=fqw-iPopG_V-pFRxf33lVFL0uvWfDUB2ky0bibFblK0,1013
debugpy/_vendored/pydevd/pydevd_concurrency_analyser/__init__.py,sha256=47DEQpj8HBSa-_TImW-5JCeuQeRkm5NMpJWZG3hSuFU,0
debugpy/_vendored/pydevd/pydevd_concurrency_analyser/__pycache__/__init__.cpython-<version>.pyc,,
debugpy/_vendored/pydevd/pydevd_concurrency_analyser/__pycache__/pydevd_concurrency_logger.cpython-<version>.pyc,,
debugpy/_vendored/pydevd/pydevd_concurrency_analyser/__pycache__/pydevd_thread_wrappers.cpython-<version>.pyc,,
debugpy/_vendored/pydevd/pydevd_concurrency_analyser/pydevd_concurrency_logger.py,sha256=K6UaDIcWrwOfm9ZPLCMqabJMV363-dZ23s6BmpM1JSk,16836
debugpy/_vendored/pydevd/pydevd_concurrency_analyser/pydevd_thread_wrappers.py,sha256=ZJ5KltcYt5Pfp6P_GMJmuDrnryChwR-nfNfcjH7c5qc,2151
debugpy/_vendored/pydevd/pydevd_file_utils.py,sha256=qZ1SYwTOqVw1-_BraFGNtGzLJqYAB3GNuXKh6yQAE1U,35543
debugpy/_vendored/pydevd/pydevd_plugins/__init__.py,sha256=3rZDMhSmpCE3y-ipjPjQrUv2CIm5ohCCprSJUoMrcqQ,294
debugpy/_vendored/pydevd/pydevd_plugins/__pycache__/__init__.cpython-<version>.pyc,,
debugpy/_vendored/pydevd/pydevd_plugins/__pycache__/django_debug.cpython-<version>.pyc,,
debugpy/_vendored/pydevd/pydevd_plugins/__pycache__/jinja2_debug.cpython-<version>.pyc,,
debugpy/_vendored/pydevd/pydevd_plugins/django_debug.py,sha256=PM3cm8ky4P74gdcDEtgd62d_FPv_A-KuqB8s0W4Y0nI,19554
debugpy/_vendored/pydevd/pydevd_plugins/extensions/README.md,sha256=cxu8F295snUVNgqE5xXKnZTpbqbR3LTmm60pgK0IOTs,1183
debugpy/_vendored/pydevd/pydevd_plugins/extensions/__init__.py,sha256=rqtNsfDcKgQkcDt1wK2STXLrIH8Nv1NsWsQHe_mDZ30,227
debugpy/_vendored/pydevd/pydevd_plugins/extensions/__pycache__/__init__.cpython-<version>.pyc,,
debugpy/_vendored/pydevd/pydevd_plugins/extensions/types/__init__.py,sha256=rqtNsfDcKgQkcDt1wK2STXLrIH8Nv1NsWsQHe_mDZ30,227
debugpy/_vendored/pydevd/pydevd_plugins/extensions/types/__pycache__/__init__.cpython-<version>.pyc,,
debugpy/_vendored/pydevd/pydevd_plugins/extensions/types/__pycache__/pydevd_helpers.cpython-<version>.pyc,,
debugpy/_vendored/pydevd/pydevd_plugins/extensions/types/__pycache__/pydevd_plugin_numpy_types.cpython-<version>.pyc,,
debugpy/_vendored/pydevd/pydevd_plugins/extensions/types/__pycache__/pydevd_plugins_django_form_str.cpython-<version>.pyc,,
debugpy/_vendored/pydevd/pydevd_plugins/extensions/types/pydevd_helpers.py,sha256=0fFR63gGOCVNWHp-e8El6OPlBlljTJwCe1oEJWXPv5M,639
debugpy/_vendored/pydevd/pydevd_plugins/extensions/types/pydevd_plugin_numpy_types.py,sha256=Pmd9RLSh6v5LsbvavuAQ24UFX3og9xp9Q4Ezx_vhePM,3228
debugpy/_vendored/pydevd/pydevd_plugins/extensions/types/pydevd_plugins_django_form_str.py,sha256=quqrRUKuKEPoT37MBla7wJCSuWHio1dI1cEK1G13qO0,538
debugpy/_vendored/pydevd/pydevd_plugins/jinja2_debug.py,sha256=wqk8BWGQ2_hk8CaDzxpr1S6gi2uJcwJVTbXqpld0b6E,17927
debugpy/_vendored/pydevd/pydevd_tracing.py,sha256=zI4lQ3wVlnXFOGCEbbMZd0bb3NtP28g3Tx-Cgpbi6vo,14920
debugpy/_vendored/pydevd/setup_cython.py,sha256=mIyLJFL48O2S2zpCDJlg5zzPrLHMv-Ds6lTe59MtpDw,10344
debugpy/_version.py,sha256=IXmN1nrOdW0fCXvvJnRNTD0Xz4euqPREPItoqxDxsWc,497
debugpy/adapter/__init__.py,sha256=81pKJnLucWTY0Rs0s-si9NZtxtt-fQ2er456bbR-oBM,415
debugpy/adapter/__main__.py,sha256=J8uSo43Cf5tl4o9av-xNPaMiC_uPyzb-Q3xV7j_MVi8,8202
debugpy/adapter/__pycache__/__init__.cpython-<version>.pyc,,
debugpy/adapter/__pycache__/__main__.cpython-<version>.pyc,,
debugpy/adapter/__pycache__/clients.cpython-<version>.pyc,,
debugpy/adapter/__pycache__/components.cpython-<version>.pyc,,
debugpy/adapter/__pycache__/launchers.cpython-<version>.pyc,,
debugpy/adapter/__pycache__/servers.cpython-<version>.pyc,,
debugpy/adapter/__pycache__/sessions.cpython-<version>.pyc,,
debugpy/adapter/clients.py,sha256=xeUzvw0390QgOqw29Yn_UfxvqZ8Tx6DHfSM_CMKZTWA,26880
debugpy/adapter/components.py,sha256=7mj_LiFZ5w2-GI2pkGgBvL0YIDAn4h_Jym0rFQfJZt4,6248
debugpy/adapter/launchers.py,sha256=fSuQD05UzQiEHBWsGBTziEqh7F_mEyyU8-T1DwhypoI,7036
debugpy/adapter/servers.py,sha256=XtJ_NnHh3guYxV30X2WpEsmgfyK26ZlmNAAQetnQ850,18772
debugpy/adapter/sessions.py,sha256=vkp4zX1KUK279C1CmFNRoWnKScdPSFN45M4ts-Mv0Q4,10521
debugpy/common/__init__.py,sha256=zERWV6SL3llKk3oV3cQ4r8x8QMjwDmnKR-azqMrK10M,579
debugpy/common/__pycache__/__init__.cpython-<version>.pyc,,
debugpy/common/__pycache__/compat.cpython-<version>.pyc,,
debugpy/common/__pycache__/fmt.cpython-<version>.pyc,,
debugpy/common/__pycache__/json.cpython-<version>.pyc,,
debugpy/common/__pycache__/log.cpython-<version>.pyc,,
debugpy/common/__pycache__/messaging.cpython-<version>.pyc,,
debugpy/common/__pycache__/modules.cpython-<version>.pyc,,
debugpy/common/__pycache__/singleton.cpython-<version>.pyc,,
debugpy/common/__pycache__/sockets.cpython-<version>.pyc,,
debugpy/common/__pycache__/stacks.cpython-<version>.pyc,,
debugpy/common/__pycache__/timestamp.cpython-<version>.pyc,,
debugpy/common/__pycache__/util.cpython-<version>.pyc,,
debugpy/common/compat.py,sha256=24FpBC5gKmnefxi1UOdnL73Wr1rOgOa-Dk6dcY9Y-2E,6167
debugpy/common/fmt.py,sha256=agsU17w4k0795N2sGxi_uwgr2in42k7xVxin-5uLgPg,2003
debugpy/common/json.py,sha256=7UFWdXFnzYJhkCIjxcYUgMv6jj1rEe_syXzoB2-IAFM,9279
debugpy/common/log.py,sha256=5QTV1iUyqC4syONBvVvAiVh6gs4of0iXtmnQ89y7bgc,10603
debugpy/common/messaging.py,sha256=yjvUIXyNwApf2RjYF-OR6AzfUiSFf1u0_b4Gkhe4dzI,58754
debugpy/common/modules.py,sha256=N-olYn_DQG2W7sIUtZcSmdQPPmaaVx5-dmw3S9p1yK8,1529
debugpy/common/singleton.py,sha256=voWpczumULaN7sgeXzqVQZ0aK9g6rPeWa3KBo6cDiWc,7775
debugpy/common/sockets.py,sha256=_PH8_8J5e97l13auS_b_d7K1LNll5By-fjNGuphHZQU,3702
debugpy/common/stacks.py,sha256=ScBT7wvl7jb8ZFLZmYiSCRMwKMW1D0rQzKpSicIBLlM,1620
debugpy/common/timestamp.py,sha256=vtNSOX7OYv0RK1wyouvIQILSCTFnGqrJToiNJYz80U8,576
debugpy/common/util.py,sha256=EERQgIdJYDDOdk5n7Y7LiBjYuzxdmdyYmUPYZNvuEqU,2077
debugpy/launcher/__init__.py,sha256=kf2_RV9pnGQhTc5h5RPlAgO3t3ovs4EfqxvVsvDNTOk,1058
debugpy/launcher/__main__.py,sha256=5-ldkGX_Z8sGdSArtT3241AkeAF0P4x0lpy0iZ-MNNc,3979
debugpy/launcher/__pycache__/__init__.cpython-<version>.pyc,,
debugpy/launcher/__pycache__/__main__.cpython-<version>.pyc,,
debugpy/launcher/__pycache__/debuggee.cpython-<version>.pyc,,
debugpy/launcher/__pycache__/handlers.cpython-<version>.pyc,,
debugpy/launcher/__pycache__/output.cpython-<version>.pyc,,
debugpy/launcher/__pycache__/winapi.cpython-<version>.pyc,,
debugpy/launcher/debuggee.py,sha256=pThAuJbKZHB6jYSDF0tV5LLkI4BjeLn9I54YKEPslzM,8636
debugpy/launcher/handlers.py,sha256=3CEj0cl6Fer84rF2fzONvZ83cjAKWKGNpdtEIQp_oTE,6430
debugpy/launcher/output.py,sha256=Uy5fliAT-XepPWCKuf5r1dovmuWdoduobWzbOIVXKO8,3850
debugpy/launcher/winapi.py,sha256=tdFaZfbKmIfBWi7kkg3fwJNHWjgugaWp2yJXh58lmoE,3213
debugpy/server/__init__.py,sha256=iiJDtIG9HOcq4311m9StZ08wW0uP9vdxmj1ss-SR6Bs,407
debugpy/server/__pycache__/__init__.cpython-<version>.pyc,,
debugpy/server/__pycache__/api.cpython-<version>.pyc,,
debugpy/server/__pycache__/attach_pid_injected.cpython-<version>.pyc,,
debugpy/server/__pycache__/cli.cpython-<version>.pyc,,
debugpy/server/api.py,sha256=TJI4UiRKdz8cmSukyu5iU06sL1_z1zA31qJInQnv9pY,10773
debugpy/server/attach_pid_injected.py,sha256=72S0R4AQ383gUi3ecJCY264mhncrs1gDyMHWQa14Wzc,2803
debugpy/server/cli.py,sha256=DbeBXGjPo3btg55iI0M0SUcX7SwInTWQQf1VlsUUS5c,13993
