---
source: crates/rattler_installs_packages/src/artifacts/sdist.rs
expression: direct_url_json
---
Some(
    DirectUrlJson {
        url: Url {
            scheme: "https",
            cannot_be_a_base: false,
            username: "",
            password: None,
            host: Some(
                Domain(
                    "github.com",
                ),
            ),
            port: None,
            path: "/mahmoud/boltons.git",
            query: None,
            fragment: None,
        },
        source: Vcs {
            vcs: Git,
            requested_revision: Some(
                "21.0.0",
            ),
            commit_id: "737daafc388a2380da5c5c517fc1d08f9db36990",
        },
    },
)
