---
source: crates/rattler_installs_packages/src/artifacts/wheel.rs
expression: record_content
---
selenium-4.1.0.dist-info/INSTALLER,sha256=FpzDrzfcP6oI1mbsvYAjw7hT2I4P4wr99k5NKqmKJt0,10
selenium-4.1.0.dist-info/METADATA,sha256=jqvBEwtJJ2zh6CljTfTXmpF1aiFs-gvOVikxGbVyX40,6468
selenium-4.1.0.dist-info/RECORD,,
selenium-4.1.0.dist-info/WHEEL,sha256=sobxWSyDDkdg_rinUth-jxhXHqoNqlmNMJY3aTZn2Us,91
selenium/__init__.py,sha256=l8nEsTP4D2dZVula_p4ZuCe8AGnxOq7MxMeAWNvR0Qc,811
selenium/common/__init__.py,sha256=E_V8-VsmWsxJhOnXZn-72u9k_jCgBI6PjV7kEd7P8jA,821
selenium/common/exceptions.py,sha256=oZx2PS-g1gYLqJA_oqzE4Rq4ngplqlwwRBZDofiqni0,9309
selenium/types.py,sha256=U6jBMYQzZUIsZ4MYrWCknaTMyL0DHJ3_ZMsX_ZfBe8I,881
selenium/webdriver/__init__.py,sha256=quT6Tjf8v41qEEz0c0pG5yXkg38miBlQna5JamfWIMo,2080
selenium/webdriver/chrome/__init__.py,sha256=3TKaBBK08eiCsGGFFcZlZwwjHHcmj2YO0xImghpJk38,787
selenium/webdriver/chrome/options.py,sha256=3cdgQcY86ff8i5_JYweLj2Zi8ZNA459H-P62TmjIP7A,1264
selenium/webdriver/chrome/service.py,sha256=EC9hgmZCOVDQJB9UIttg92L-Sfl3ZFwHqOcBrYyb5wk,1765
selenium/webdriver/chrome/webdriver.py,sha256=zsxkmcmxv_XuLc57476PSj8lmrTTjdk5WPCgw12rw7I,3718
selenium/webdriver/chromium/__init__.py,sha256=3TKaBBK08eiCsGGFFcZlZwwjHHcmj2YO0xImghpJk38,787
selenium/webdriver/chromium/options.py,sha256=gwnaM1B8bl9yRQi18uaji497Ne322DNlFQ21H3Rofmc,6133
selenium/webdriver/chromium/remote_connection.py,sha256=1dxDEVcxILf6SqYV8imH_wj3E2o8RXvxxQ0woNI3NbA,2379
selenium/webdriver/chromium/service.py,sha256=xz2bRd4nSBsJIx-Nb82XD4nyKFs999CXjhOLGY5JfFw,1991
selenium/webdriver/chromium/webdriver.py,sha256=ySQ9tXYmbMsbJIwDa-eQQjb39OkJgoazGry_KgsEll0,9159
selenium/webdriver/common/__init__.py,sha256=3TKaBBK08eiCsGGFFcZlZwwjHHcmj2YO0xImghpJk38,787
selenium/webdriver/common/action_chains.py,sha256=kYUvQR4IlFDP4kshOtpHLt5RyH3voyDTIRQpKlWGndE,10113
selenium/webdriver/common/actions/__init__.py,sha256=3TKaBBK08eiCsGGFFcZlZwwjHHcmj2YO0xImghpJk38,787
selenium/webdriver/common/actions/action_builder.py,sha256=0XAcBaL2rpxw-XGdjagIOpHgRqifAdfC_D6pMCt4hJM,2896
selenium/webdriver/common/actions/input_device.py,sha256=kiI5OYRQS60yH3YZdyvKRDODqjb4zxaCFK5kg44hZ8k,1276
selenium/webdriver/common/actions/interaction.py,sha256=Sy6iVy_-QuTU3Ap3VQJRQoyEmfpgMU2JSAxHYKWlJPA,1434
selenium/webdriver/common/actions/key_actions.py,sha256=fXoaJFEbPTQBgJnx84RsIOIQMEQNkvAtZ1rv4LwrmTg,1729
selenium/webdriver/common/actions/key_input.py,sha256=4PBRGhtLTIZR3Oe28P0ve7RwLWbavV4-W2viunAwQ5k,1782
selenium/webdriver/common/actions/mouse_button.py,sha256=IsxrW9syug75FookR_31najtjk7B8NELkdy1Yf6OQBE,859
selenium/webdriver/common/actions/pointer_actions.py,sha256=8gQn5MgWQNlT8ExztUrXaboK2Mn9NajFL-3Hfz-0MF8,3744
selenium/webdriver/common/actions/pointer_input.py,sha256=z6RdX4NC6FrQTxvgf778kgicFrU5_cRemycjFvb3wAw,2445
selenium/webdriver/common/alert.py,sha256=t2enTKAZU-LUETOrfc7Dd2pU08wjtg6-ZFeF6nX2qOA,2591
selenium/webdriver/common/bidi/__init__.py,sha256=3TKaBBK08eiCsGGFFcZlZwwjHHcmj2YO0xImghpJk38,787
selenium/webdriver/common/bidi/cdp.py,sha256=N2prcNB_9js3VcZRjNEPBOjdsJXy-puD2O0md6tXYzo,17519
selenium/webdriver/common/bidi/console.py,sha256=0yPaIH4MC0tb87Ab1NwEuMn1_RKb-dvkT-AqLbTYRZM,886
selenium/webdriver/common/by.py,sha256=NrDsEfAwyuPqx74pw3febADe_fKi2mmZOZQvs3DI9qU,1111
selenium/webdriver/common/desired_capabilities.py,sha256=YXj3GEgIc1ZQRJKqw5QR-57ons_Njg_87hLajDBFqR4,2994
selenium/webdriver/common/devtools/v85/__init__.py,sha256=6mggdTvoA7p_XVUR8gaSMKf3YgW9pN589OCWM1sUT9U,1258
selenium/webdriver/common/devtools/v85/accessibility.py,sha256=2kYomCXGOMOqbuiRxE22QTyNlwMJ4bVRzYEek2YQv94,15011
selenium/webdriver/common/devtools/v85/animation.py,sha256=uyeJ8qZu7U6RfPgHaS0d4loPBnyz0lbH9RoTwn8oBSw,11112
selenium/webdriver/common/devtools/v85/application_cache.py,sha256=RYyqqIVwx-L6Z-FXqPc5tD7S3poMOAHkX9zHECP94aA,5735
selenium/webdriver/common/devtools/v85/audits.py,sha256=c77RGRFYjtwXAXQMM_Tby979ClMkFSgexU5Wz-ln1hs,17067
selenium/webdriver/common/devtools/v85/background_service.py,sha256=IrsZjfMaZLbAsSq6yn0vlIpyKIykuJGI_RSgmv4SPsM,5760
selenium/webdriver/common/devtools/v85/browser.py,sha256=Wa5yoNzjZIB99c5bTscRPCmhpHilBBtIuO4I2zBorDI,17298
selenium/webdriver/common/devtools/v85/cache_storage.py,sha256=XpnSE40sg1LNifK2kYe51F9ZV3jW8vzE46hbzVi1v8Y,7810
selenium/webdriver/common/devtools/v85/cast.py,sha256=fqpo07lEYuCNX7NlXI_wMCfcCiL7j0euWXZPaZ44Qm8,3982
selenium/webdriver/common/devtools/v85/console.py,sha256=_mGKNlgtple6r9rJ_GxEfhkoQsMT7D1V6IeF_lAOBJ4,2765
selenium/webdriver/common/devtools/v85/css.py,sha256=Ao0AAFMNPwbZZWtz6yYo9cAjNIEjwRF3hrb-6i41ee8,42907
selenium/webdriver/common/devtools/v85/database.py,sha256=ucK8g37lBtFgYWgzM5go6YJxQcQ2sTqPy9T2wymGxrA,3925
selenium/webdriver/common/devtools/v85/debugger.py,sha256=Tyxui6Bv1bhdwJ2rsbJNeuW8amk354lEOtWFgLiwnY4,43473
selenium/webdriver/common/devtools/v85/device_orientation.py,sha256=iTyh5DWm7zRYzmq6VBe3_XakjFCC8kuuXc_NVIeNb2k,1209
selenium/webdriver/common/devtools/v85/dom.py,sha256=GeHSe0rQBrqWW2KbbJ4na90tjFFzoR8woYpWMgt7efM,54390
selenium/webdriver/common/devtools/v85/dom_debugger.py,sha256=wv1gMUxBfj9XK6haKFm1PsHH7oUUWxf2U_hL1YzAquI,8592
selenium/webdriver/common/devtools/v85/dom_snapshot.py,sha256=ZOEOEDYqQrIauzN-4BaQzj2qilCH0UEObd-DAfKCXeg,34069
selenium/webdriver/common/devtools/v85/dom_storage.py,sha256=35ho_LUl6SiRfVL6HckRpswt0vb7KGmij7A_hiTQy8k,5026
selenium/webdriver/common/devtools/v85/emulation.py,sha256=haxuxzQEqfLbpySsWZmNhSmLSqBdSXzf6UqYr5YUmdI,20772
selenium/webdriver/common/devtools/v85/fetch.py,sha256=pjm5WPNwN3WA-WEDvROZd6Dk0maifqt_FP5uNP9upFI,16053
selenium/webdriver/common/devtools/v85/headless_experimental.py,sha256=FfGXBeUm7sewWPeLtJ9x0bLJrXc1aUV_vE8dguO1iYY,4791
selenium/webdriver/common/devtools/v85/heap_profiler.py,sha256=GuGWWPrOJOU0lZko-TvjQasogv6lpdghLO9AE_gZECQ,11207
selenium/webdriver/common/devtools/v85/indexed_db.py,sha256=iA91BkxRAmGC15Oyc54gy690E79f7REqysCSgRxKqdE,12762
selenium/webdriver/common/devtools/v85/input_.py,sha256=8eF82VtOLYjNI6Kq5NzqdTxgsqkdmBXCU1GrocJNKN0,19701
selenium/webdriver/common/devtools/v85/inspector.py,sha256=oroH9p3tWRYh5poAM48tUmAU4_V8mJBXCGGjQt9ATOY,1718
selenium/webdriver/common/devtools/v85/io.py,sha256=Mn76wIWyZF5XyX6I94GU1sPp-fsVC26FIiS6MoD77MI,3034
selenium/webdriver/common/devtools/v85/layer_tree.py,sha256=EZzeGIvsAMOzqY9BTzx2FWMKcML5MiMvu_wALaG5PiQ,15049
selenium/webdriver/common/devtools/v85/log.py,sha256=v8YxsMi_UUFTirdCZbwhjBy-QRsruhe8pqGXU6wKffE,5062
selenium/webdriver/common/devtools/v85/media.py,sha256=jMi5rcJrLvoWDTkUS_KcjkOSm5ezh_u807VEaHSwr9A,6605
selenium/webdriver/common/devtools/v85/memory.py,sha256=KdyZgvqzFAtKmHRxcDihqpZnRvRTsk0VQK8L5dGKc7A,6808
selenium/webdriver/common/devtools/v85/network.py,sha256=R3hB7eL_G6GvOlrQV9oVfT30UzzAzusW5qvIjEbBHis,86888
selenium/webdriver/common/devtools/v85/overlay.py,sha256=A8ZJvmcq5D0AufGfJ7olNrACQ2Qd8eCkACPjnj6GLb8,24823
selenium/webdriver/common/devtools/v85/page.py,sha256=v4tQVvWPjhQKd7qVZmlLGrXaXoQda6-3K40N52frmbI,70795
selenium/webdriver/common/devtools/v85/performance.py,sha256=473SXp3oVXk295P4aiYuoB-wkm0VPgOGHrl7ZedfCo0,2927
selenium/webdriver/common/devtools/v85/profiler.py,sha256=K2ZO0DDGg0mmK4soQ6asNhcSYedHXgDtH9MiAV0zYB4,17177
selenium/webdriver/common/devtools/v85/py.typed,sha256=47DEQpj8HBSa-_TImW-5JCeuQeRkm5NMpJWZG3hSuFU,0
selenium/webdriver/common/devtools/v85/runtime.py,sha256=uX-02-XMVhLNnZjqUkvMxGYhlS7D5PD0fBtbhoeWy9Y,51695
selenium/webdriver/common/devtools/v85/schema.py,sha256=fbNSqooayAk-upeq4OoLeWfgLYudVhFoZPEhQ7OKJdw,1111
selenium/webdriver/common/devtools/v85/security.py,sha256=MBXW2msUqqwtP2-tubVIu0kh6Zyqud9TZ8Q8ysIv8D8,16913
selenium/webdriver/common/devtools/v85/service_worker.py,sha256=LlhRw5Z613K8I96wTUU79VaWEiYURNOSMJBHxkC2KdU,11066
selenium/webdriver/common/devtools/v85/storage.py,sha256=e07wEq1t5vsy2kxsDyq9Xo50NCfJNtekQK1lBun8q7c,8277
selenium/webdriver/common/devtools/v85/system_info.py,sha256=2PaY1DGaJVaWDQxBGTon9PuZZ0KgzOrz7dpIaJkEEcg,11049
selenium/webdriver/common/devtools/v85/target.py,sha256=4sRfceZReSELAuFhnh6_iFfe6H9sP5ZynssrRw3hNG4,18516
selenium/webdriver/common/devtools/v85/tethering.py,sha256=brZK0Ex_pp1RZI-6m3BgoruXDOC_wkNpOH-S50-Dbso,1538
selenium/webdriver/common/devtools/v85/tracing.py,sha256=pINJ5eJyMEYwnewjQUQjR185yVUJ_fws2BuBjZHGAh0,10556
selenium/webdriver/common/devtools/v85/util.py,sha256=Kr37bDnAdqbom-MSZicf17z_xFQj5JEQwmGlAGu1shQ,455
selenium/webdriver/common/devtools/v85/web_audio.py,sha256=7zP6tg9l4vSQXqnpnOKrm49y2XK8gPsEmpRZshP-rMw,16894
selenium/webdriver/common/devtools/v85/web_authn.py,sha256=w5vnpzOhvMOYHUszzuBu2IwkseVGbxSuHCsaffgQ-Lc,9424
selenium/webdriver/common/devtools/v94/__init__.py,sha256=jAvS0caNTY-VigH9E6ZzFD6JAkcAhaLMuIu7kfJ_2Mo,1293
selenium/webdriver/common/devtools/v94/accessibility.py,sha256=eiNLn6Y-pD9Db9kuoSfiHp_qBtC9pkuORRr-o_GLpzQ,18555
selenium/webdriver/common/devtools/v94/animation.py,sha256=uyeJ8qZu7U6RfPgHaS0d4loPBnyz0lbH9RoTwn8oBSw,11112
selenium/webdriver/common/devtools/v94/application_cache.py,sha256=RYyqqIVwx-L6Z-FXqPc5tD7S3poMOAHkX9zHECP94aA,5735
selenium/webdriver/common/devtools/v94/audits.py,sha256=oXTfieZgi2i2lwsBG64zqAPF4xuWlfk7Hqnc4Z1E3mY,37725
selenium/webdriver/common/devtools/v94/background_service.py,sha256=IrsZjfMaZLbAsSq6yn0vlIpyKIykuJGI_RSgmv4SPsM,5760
selenium/webdriver/common/devtools/v94/browser.py,sha256=9jDo4SupO17Up33-FMX3SF88LODzz3zGRxulN5mjS2E,20683
selenium/webdriver/common/devtools/v94/cache_storage.py,sha256=XpnSE40sg1LNifK2kYe51F9ZV3jW8vzE46hbzVi1v8Y,7810
selenium/webdriver/common/devtools/v94/cast.py,sha256=fqpo07lEYuCNX7NlXI_wMCfcCiL7j0euWXZPaZ44Qm8,3982
selenium/webdriver/common/devtools/v94/console.py,sha256=_mGKNlgtple6r9rJ_GxEfhkoQsMT7D1V6IeF_lAOBJ4,2765
selenium/webdriver/common/devtools/v94/css.py,sha256=5XpCojiqxFYUGFcqsh7Ovt6mLbQ0MGzbWy6dRuaE9sI,49375
selenium/webdriver/common/devtools/v94/database.py,sha256=ucK8g37lBtFgYWgzM5go6YJxQcQ2sTqPy9T2wymGxrA,3925
selenium/webdriver/common/devtools/v94/debugger.py,sha256=2LFBQvHQIUmadTIZhzG5Cd4Al21VrOjf-uy3WqnLTc8,43809
selenium/webdriver/common/devtools/v94/device_orientation.py,sha256=iTyh5DWm7zRYzmq6VBe3_XakjFCC8kuuXc_NVIeNb2k,1209
selenium/webdriver/common/devtools/v94/dom.py,sha256=vDdVeFkQ2y1Jc-DhYvz0axXey0rreX-wMu2zyrZ2EZE,58713
selenium/webdriver/common/devtools/v94/dom_debugger.py,sha256=HgKs0cpnWhtViWsPQt6tBBsHsdkLQbh2hizyFtyqRFc,9459
selenium/webdriver/common/devtools/v94/dom_snapshot.py,sha256=KdPjwnF0lGudJz3oUtJF_y4prGJJTdOs3L9ps3zfyow,36328
selenium/webdriver/common/devtools/v94/dom_storage.py,sha256=35ho_LUl6SiRfVL6HckRpswt0vb7KGmij7A_hiTQy8k,5026
selenium/webdriver/common/devtools/v94/emulation.py,sha256=IB13H5Odw5zklU0WxZEbRpmH5nh1ev-sHD3n6ZR680w,23900
selenium/webdriver/common/devtools/v94/fetch.py,sha256=QZLQxcgkXPjRIB8VRX0bvVEaXilr9sizm5hC9LF2WMc,16336
selenium/webdriver/common/devtools/v94/headless_experimental.py,sha256=FfGXBeUm7sewWPeLtJ9x0bLJrXc1aUV_vE8dguO1iYY,4791
selenium/webdriver/common/devtools/v94/heap_profiler.py,sha256=18nUpu0Jq6lMZwAmdi-LOxhsAYixZmRgIqZ7EWsEN-g,11742
selenium/webdriver/common/devtools/v94/indexed_db.py,sha256=iA91BkxRAmGC15Oyc54gy690E79f7REqysCSgRxKqdE,12762
selenium/webdriver/common/devtools/v94/input_.py,sha256=tSkpabmFC9rANfvZZvSjkp5YfEV8KazOBl3E0yhyrjY,27843
selenium/webdriver/common/devtools/v94/inspector.py,sha256=oroH9p3tWRYh5poAM48tUmAU4_V8mJBXCGGjQt9ATOY,1718
selenium/webdriver/common/devtools/v94/io.py,sha256=IWzLKRqziXr-qZ8_TJhgWbi-Z-Yo3mfAGDTjgYwMR50,3036
selenium/webdriver/common/devtools/v94/layer_tree.py,sha256=EZzeGIvsAMOzqY9BTzx2FWMKcML5MiMvu_wALaG5PiQ,15049
selenium/webdriver/common/devtools/v94/log.py,sha256=v8YxsMi_UUFTirdCZbwhjBy-QRsruhe8pqGXU6wKffE,5062
selenium/webdriver/common/devtools/v94/media.py,sha256=6BIm9KvQAeOi1soubmoCDVFTXgUvPb1s3-_8oEKpdcw,6605
selenium/webdriver/common/devtools/v94/memory.py,sha256=KdyZgvqzFAtKmHRxcDihqpZnRvRTsk0VQK8L5dGKc7A,6808
selenium/webdriver/common/devtools/v94/network.py,sha256=-SHjtqTDvWw0JKOLAhroPs9QKjTRKpmlfxSG5tCiXg0,115489
selenium/webdriver/common/devtools/v94/overlay.py,sha256=PYGdrrxzPa_JMOIIKBsF5q53xfDe53kIzCKpWKj1LCo,47635
selenium/webdriver/common/devtools/v94/page.py,sha256=sAumgQGxEjAe8B04Tz6GN_taHFs4i2q1_OSHVFm7qkc,96932
selenium/webdriver/common/devtools/v94/performance.py,sha256=473SXp3oVXk295P4aiYuoB-wkm0VPgOGHrl7ZedfCo0,2927
selenium/webdriver/common/devtools/v94/performance_timeline.py,sha256=_mRYyRzB_9NbbE3b_ZWxIkebwK01y1yMzCrYb0TBMlo,6623
selenium/webdriver/common/devtools/v94/profiler.py,sha256=IMylXrGbbvbwt-sKAG0KX_ROIgMXtqEKaer9gnBklBQ,18661
selenium/webdriver/common/devtools/v94/py.typed,sha256=47DEQpj8HBSa-_TImW-5JCeuQeRkm5NMpJWZG3hSuFU,0
selenium/webdriver/common/devtools/v94/runtime.py,sha256=TDac0StMyfte1OtWLSs52itg-EbxBIaOxgUoxNaLWtY,54841
selenium/webdriver/common/devtools/v94/schema.py,sha256=fbNSqooayAk-upeq4OoLeWfgLYudVhFoZPEhQ7OKJdw,1111
selenium/webdriver/common/devtools/v94/security.py,sha256=MBXW2msUqqwtP2-tubVIu0kh6Zyqud9TZ8Q8ysIv8D8,16913
selenium/webdriver/common/devtools/v94/service_worker.py,sha256=LlhRw5Z613K8I96wTUU79VaWEiYURNOSMJBHxkC2KdU,11066
selenium/webdriver/common/devtools/v94/storage.py,sha256=QlCi0su1MIOl0ny8jmNzEysfhnPgoThzfLo4dEf-2-k,11030
selenium/webdriver/common/devtools/v94/system_info.py,sha256=2PaY1DGaJVaWDQxBGTon9PuZZ0KgzOrz7dpIaJkEEcg,11049
selenium/webdriver/common/devtools/v94/target.py,sha256=fRd7UnDot70vNETa2TEgceqAx7P4Q6wqy03hchDoEh8,19223
selenium/webdriver/common/devtools/v94/tethering.py,sha256=brZK0Ex_pp1RZI-6m3BgoruXDOC_wkNpOH-S50-Dbso,1538
selenium/webdriver/common/devtools/v94/tracing.py,sha256=mnoSmhvemJMaJTKbqXo4djQMuFfJGlCy_b5mnuARy-I,12458
selenium/webdriver/common/devtools/v94/util.py,sha256=Kr37bDnAdqbom-MSZicf17z_xFQj5JEQwmGlAGu1shQ,455
selenium/webdriver/common/devtools/v94/web_audio.py,sha256=AZt0TNgQXBWGf5ep4by_o9ChKLxL7Cw9LRu9TP-qn4w,16895
selenium/webdriver/common/devtools/v94/web_authn.py,sha256=0TL0N-6FB0NUndo7-GmKzCeGnA7P7EJbwnD9u2Ii07o,11824
selenium/webdriver/common/devtools/v95/__init__.py,sha256=jAvS0caNTY-VigH9E6ZzFD6JAkcAhaLMuIu7kfJ_2Mo,1293
selenium/webdriver/common/devtools/v95/accessibility.py,sha256=D-b5bhlASIHOCrvqFD4jGxyR7H0JUwk8Y-x3Od9L5iU,18798
selenium/webdriver/common/devtools/v95/animation.py,sha256=uyeJ8qZu7U6RfPgHaS0d4loPBnyz0lbH9RoTwn8oBSw,11112
selenium/webdriver/common/devtools/v95/application_cache.py,sha256=RYyqqIVwx-L6Z-FXqPc5tD7S3poMOAHkX9zHECP94aA,5735
selenium/webdriver/common/devtools/v95/audits.py,sha256=34snZLsSZBdBV1qVHZRQxi2Lf7iR_fXa5vxmUZNsZrE,37897
selenium/webdriver/common/devtools/v95/background_service.py,sha256=IrsZjfMaZLbAsSq6yn0vlIpyKIykuJGI_RSgmv4SPsM,5760
selenium/webdriver/common/devtools/v95/browser.py,sha256=9jDo4SupO17Up33-FMX3SF88LODzz3zGRxulN5mjS2E,20683
selenium/webdriver/common/devtools/v95/cache_storage.py,sha256=XpnSE40sg1LNifK2kYe51F9ZV3jW8vzE46hbzVi1v8Y,7810
selenium/webdriver/common/devtools/v95/cast.py,sha256=fqpo07lEYuCNX7NlXI_wMCfcCiL7j0euWXZPaZ44Qm8,3982
selenium/webdriver/common/devtools/v95/console.py,sha256=_mGKNlgtple6r9rJ_GxEfhkoQsMT7D1V6IeF_lAOBJ4,2765
selenium/webdriver/common/devtools/v95/css.py,sha256=5XpCojiqxFYUGFcqsh7Ovt6mLbQ0MGzbWy6dRuaE9sI,49375
selenium/webdriver/common/devtools/v95/database.py,sha256=ucK8g37lBtFgYWgzM5go6YJxQcQ2sTqPy9T2wymGxrA,3925
selenium/webdriver/common/devtools/v95/debugger.py,sha256=2LFBQvHQIUmadTIZhzG5Cd4Al21VrOjf-uy3WqnLTc8,43809
selenium/webdriver/common/devtools/v95/device_orientation.py,sha256=iTyh5DWm7zRYzmq6VBe3_XakjFCC8kuuXc_NVIeNb2k,1209
selenium/webdriver/common/devtools/v95/dom.py,sha256=vDdVeFkQ2y1Jc-DhYvz0axXey0rreX-wMu2zyrZ2EZE,58713
selenium/webdriver/common/devtools/v95/dom_debugger.py,sha256=HgKs0cpnWhtViWsPQt6tBBsHsdkLQbh2hizyFtyqRFc,9459
selenium/webdriver/common/devtools/v95/dom_snapshot.py,sha256=KdPjwnF0lGudJz3oUtJF_y4prGJJTdOs3L9ps3zfyow,36328
selenium/webdriver/common/devtools/v95/dom_storage.py,sha256=35ho_LUl6SiRfVL6HckRpswt0vb7KGmij7A_hiTQy8k,5026
selenium/webdriver/common/devtools/v95/emulation.py,sha256=gfBIqykCfi-xNFI6rQ9GK8KoruODfVcz2rkPx0cH_xg,24519
selenium/webdriver/common/devtools/v95/fetch.py,sha256=nO6DG5xqVTRbg5-U92ULuctTh3bEuH-afm9TluWkt-w,18611
selenium/webdriver/common/devtools/v95/headless_experimental.py,sha256=FfGXBeUm7sewWPeLtJ9x0bLJrXc1aUV_vE8dguO1iYY,4791
selenium/webdriver/common/devtools/v95/heap_profiler.py,sha256=18nUpu0Jq6lMZwAmdi-LOxhsAYixZmRgIqZ7EWsEN-g,11742
selenium/webdriver/common/devtools/v95/indexed_db.py,sha256=iA91BkxRAmGC15Oyc54gy690E79f7REqysCSgRxKqdE,12762
selenium/webdriver/common/devtools/v95/input_.py,sha256=tSkpabmFC9rANfvZZvSjkp5YfEV8KazOBl3E0yhyrjY,27843
selenium/webdriver/common/devtools/v95/inspector.py,sha256=oroH9p3tWRYh5poAM48tUmAU4_V8mJBXCGGjQt9ATOY,1718
selenium/webdriver/common/devtools/v95/io.py,sha256=IWzLKRqziXr-qZ8_TJhgWbi-Z-Yo3mfAGDTjgYwMR50,3036
selenium/webdriver/common/devtools/v95/layer_tree.py,sha256=EZzeGIvsAMOzqY9BTzx2FWMKcML5MiMvu_wALaG5PiQ,15049
selenium/webdriver/common/devtools/v95/log.py,sha256=kBm2ACgcTbC5T6nGROJnMfofA9zjLtO9K2hUwFywqS0,5264
selenium/webdriver/common/devtools/v95/media.py,sha256=6BIm9KvQAeOi1soubmoCDVFTXgUvPb1s3-_8oEKpdcw,6605
selenium/webdriver/common/devtools/v95/memory.py,sha256=KdyZgvqzFAtKmHRxcDihqpZnRvRTsk0VQK8L5dGKc7A,6808
selenium/webdriver/common/devtools/v95/network.py,sha256=LCIOD6bvnuY_z8NALxr_rEJTj9c_4R0l-I0_O2fOMyk,119927
selenium/webdriver/common/devtools/v95/overlay.py,sha256=PYGdrrxzPa_JMOIIKBsF5q53xfDe53kIzCKpWKj1LCo,47635
selenium/webdriver/common/devtools/v95/page.py,sha256=wmZstMVS8dDbiVGTmh5dNU-g1YjpkRrNThmt8bULbxc,98375
selenium/webdriver/common/devtools/v95/performance.py,sha256=473SXp3oVXk295P4aiYuoB-wkm0VPgOGHrl7ZedfCo0,2927
selenium/webdriver/common/devtools/v95/performance_timeline.py,sha256=_mRYyRzB_9NbbE3b_ZWxIkebwK01y1yMzCrYb0TBMlo,6623
selenium/webdriver/common/devtools/v95/profiler.py,sha256=1m972dA0zAnrZiS3KuvT4EpWUmDfvAmMAJ5_pHI2CJY,15772
selenium/webdriver/common/devtools/v95/py.typed,sha256=47DEQpj8HBSa-_TImW-5JCeuQeRkm5NMpJWZG3hSuFU,0
selenium/webdriver/common/devtools/v95/runtime.py,sha256=lMoDwffa4QMFwMmI3bULvmHiKK9EQAIvPgMYRKN8H8w,55147
selenium/webdriver/common/devtools/v95/schema.py,sha256=fbNSqooayAk-upeq4OoLeWfgLYudVhFoZPEhQ7OKJdw,1111
selenium/webdriver/common/devtools/v95/security.py,sha256=MBXW2msUqqwtP2-tubVIu0kh6Zyqud9TZ8Q8ysIv8D8,16913
selenium/webdriver/common/devtools/v95/service_worker.py,sha256=LlhRw5Z613K8I96wTUU79VaWEiYURNOSMJBHxkC2KdU,11066
selenium/webdriver/common/devtools/v95/storage.py,sha256=QlCi0su1MIOl0ny8jmNzEysfhnPgoThzfLo4dEf-2-k,11030
selenium/webdriver/common/devtools/v95/system_info.py,sha256=2PaY1DGaJVaWDQxBGTon9PuZZ0KgzOrz7dpIaJkEEcg,11049
selenium/webdriver/common/devtools/v95/target.py,sha256=f_olFMRAHyEwZsLRUBMvkkFEajvNNf3luo2jM-y6X3g,20443
selenium/webdriver/common/devtools/v95/tethering.py,sha256=brZK0Ex_pp1RZI-6m3BgoruXDOC_wkNpOH-S50-Dbso,1538
selenium/webdriver/common/devtools/v95/tracing.py,sha256=mnoSmhvemJMaJTKbqXo4djQMuFfJGlCy_b5mnuARy-I,12458
selenium/webdriver/common/devtools/v95/util.py,sha256=Kr37bDnAdqbom-MSZicf17z_xFQj5JEQwmGlAGu1shQ,455
selenium/webdriver/common/devtools/v95/web_audio.py,sha256=AZt0TNgQXBWGf5ep4by_o9ChKLxL7Cw9LRu9TP-qn4w,16895
selenium/webdriver/common/devtools/v95/web_authn.py,sha256=0TL0N-6FB0NUndo7-GmKzCeGnA7P7EJbwnD9u2Ii07o,11824
selenium/webdriver/common/devtools/v96/__init__.py,sha256=V-5ZOUiEc0417GU2oUSe0IteT7cIaHbpdxlw5yEHATE,1261
selenium/webdriver/common/devtools/v96/accessibility.py,sha256=D-b5bhlASIHOCrvqFD4jGxyR7H0JUwk8Y-x3Od9L5iU,18798
selenium/webdriver/common/devtools/v96/animation.py,sha256=uyeJ8qZu7U6RfPgHaS0d4loPBnyz0lbH9RoTwn8oBSw,11112
selenium/webdriver/common/devtools/v96/audits.py,sha256=IlJ08fTDzd_StCmqiVahJVM3nThJTk00zzDy3UV3QUc,39262
selenium/webdriver/common/devtools/v96/background_service.py,sha256=IrsZjfMaZLbAsSq6yn0vlIpyKIykuJGI_RSgmv4SPsM,5760
selenium/webdriver/common/devtools/v96/browser.py,sha256=9jDo4SupO17Up33-FMX3SF88LODzz3zGRxulN5mjS2E,20683
selenium/webdriver/common/devtools/v96/cache_storage.py,sha256=XpnSE40sg1LNifK2kYe51F9ZV3jW8vzE46hbzVi1v8Y,7810
selenium/webdriver/common/devtools/v96/cast.py,sha256=fqpo07lEYuCNX7NlXI_wMCfcCiL7j0euWXZPaZ44Qm8,3982
selenium/webdriver/common/devtools/v96/console.py,sha256=_mGKNlgtple6r9rJ_GxEfhkoQsMT7D1V6IeF_lAOBJ4,2765
selenium/webdriver/common/devtools/v96/css.py,sha256=5XpCojiqxFYUGFcqsh7Ovt6mLbQ0MGzbWy6dRuaE9sI,49375
selenium/webdriver/common/devtools/v96/database.py,sha256=ucK8g37lBtFgYWgzM5go6YJxQcQ2sTqPy9T2wymGxrA,3925
selenium/webdriver/common/devtools/v96/debugger.py,sha256=2LFBQvHQIUmadTIZhzG5Cd4Al21VrOjf-uy3WqnLTc8,43809
selenium/webdriver/common/devtools/v96/device_orientation.py,sha256=iTyh5DWm7zRYzmq6VBe3_XakjFCC8kuuXc_NVIeNb2k,1209
selenium/webdriver/common/devtools/v96/dom.py,sha256=vDdVeFkQ2y1Jc-DhYvz0axXey0rreX-wMu2zyrZ2EZE,58713
selenium/webdriver/common/devtools/v96/dom_debugger.py,sha256=HgKs0cpnWhtViWsPQt6tBBsHsdkLQbh2hizyFtyqRFc,9459
selenium/webdriver/common/devtools/v96/dom_snapshot.py,sha256=KdPjwnF0lGudJz3oUtJF_y4prGJJTdOs3L9ps3zfyow,36328
selenium/webdriver/common/devtools/v96/dom_storage.py,sha256=35ho_LUl6SiRfVL6HckRpswt0vb7KGmij7A_hiTQy8k,5026
selenium/webdriver/common/devtools/v96/emulation.py,sha256=gfBIqykCfi-xNFI6rQ9GK8KoruODfVcz2rkPx0cH_xg,24519
selenium/webdriver/common/devtools/v96/fetch.py,sha256=nO6DG5xqVTRbg5-U92ULuctTh3bEuH-afm9TluWkt-w,18611
selenium/webdriver/common/devtools/v96/headless_experimental.py,sha256=FfGXBeUm7sewWPeLtJ9x0bLJrXc1aUV_vE8dguO1iYY,4791
selenium/webdriver/common/devtools/v96/heap_profiler.py,sha256=18nUpu0Jq6lMZwAmdi-LOxhsAYixZmRgIqZ7EWsEN-g,11742
selenium/webdriver/common/devtools/v96/indexed_db.py,sha256=iA91BkxRAmGC15Oyc54gy690E79f7REqysCSgRxKqdE,12762
selenium/webdriver/common/devtools/v96/input_.py,sha256=tSkpabmFC9rANfvZZvSjkp5YfEV8KazOBl3E0yhyrjY,27843
selenium/webdriver/common/devtools/v96/inspector.py,sha256=oroH9p3tWRYh5poAM48tUmAU4_V8mJBXCGGjQt9ATOY,1718
selenium/webdriver/common/devtools/v96/io.py,sha256=IWzLKRqziXr-qZ8_TJhgWbi-Z-Yo3mfAGDTjgYwMR50,3036
selenium/webdriver/common/devtools/v96/layer_tree.py,sha256=EZzeGIvsAMOzqY9BTzx2FWMKcML5MiMvu_wALaG5PiQ,15049
selenium/webdriver/common/devtools/v96/log.py,sha256=kBm2ACgcTbC5T6nGROJnMfofA9zjLtO9K2hUwFywqS0,5264
selenium/webdriver/common/devtools/v96/media.py,sha256=6BIm9KvQAeOi1soubmoCDVFTXgUvPb1s3-_8oEKpdcw,6605
selenium/webdriver/common/devtools/v96/memory.py,sha256=KdyZgvqzFAtKmHRxcDihqpZnRvRTsk0VQK8L5dGKc7A,6808
selenium/webdriver/common/devtools/v96/network.py,sha256=MirWIGrPgJ1muGuhG7kRPjh2eduSumYWzT3ZCzURUrg,120281
selenium/webdriver/common/devtools/v96/overlay.py,sha256=GdfgQVih3HwRD-aca48FEAUeWsD06E-kDpcA9JhlKjs,50257
selenium/webdriver/common/devtools/v96/page.py,sha256=E6oiJFUO9eq2SkA6TmmwisUCoZrJH1wcGnlwUVCT37Y,98818
selenium/webdriver/common/devtools/v96/performance.py,sha256=473SXp3oVXk295P4aiYuoB-wkm0VPgOGHrl7ZedfCo0,2927
selenium/webdriver/common/devtools/v96/performance_timeline.py,sha256=_mRYyRzB_9NbbE3b_ZWxIkebwK01y1yMzCrYb0TBMlo,6623
selenium/webdriver/common/devtools/v96/profiler.py,sha256=1m972dA0zAnrZiS3KuvT4EpWUmDfvAmMAJ5_pHI2CJY,15772
selenium/webdriver/common/devtools/v96/py.typed,sha256=47DEQpj8HBSa-_TImW-5JCeuQeRkm5NMpJWZG3hSuFU,0
selenium/webdriver/common/devtools/v96/runtime.py,sha256=lMoDwffa4QMFwMmI3bULvmHiKK9EQAIvPgMYRKN8H8w,55147
selenium/webdriver/common/devtools/v96/schema.py,sha256=fbNSqooayAk-upeq4OoLeWfgLYudVhFoZPEhQ7OKJdw,1111
selenium/webdriver/common/devtools/v96/security.py,sha256=MBXW2msUqqwtP2-tubVIu0kh6Zyqud9TZ8Q8ysIv8D8,16913
selenium/webdriver/common/devtools/v96/service_worker.py,sha256=LlhRw5Z613K8I96wTUU79VaWEiYURNOSMJBHxkC2KdU,11066
selenium/webdriver/common/devtools/v96/storage.py,sha256=QlCi0su1MIOl0ny8jmNzEysfhnPgoThzfLo4dEf-2-k,11030
selenium/webdriver/common/devtools/v96/system_info.py,sha256=2PaY1DGaJVaWDQxBGTon9PuZZ0KgzOrz7dpIaJkEEcg,11049
selenium/webdriver/common/devtools/v96/target.py,sha256=f_olFMRAHyEwZsLRUBMvkkFEajvNNf3luo2jM-y6X3g,20443
selenium/webdriver/common/devtools/v96/tethering.py,sha256=brZK0Ex_pp1RZI-6m3BgoruXDOC_wkNpOH-S50-Dbso,1538
selenium/webdriver/common/devtools/v96/tracing.py,sha256=mnoSmhvemJMaJTKbqXo4djQMuFfJGlCy_b5mnuARy-I,12458
selenium/webdriver/common/devtools/v96/util.py,sha256=Kr37bDnAdqbom-MSZicf17z_xFQj5JEQwmGlAGu1shQ,455
selenium/webdriver/common/devtools/v96/web_audio.py,sha256=AZt0TNgQXBWGf5ep4by_o9ChKLxL7Cw9LRu9TP-qn4w,16895
selenium/webdriver/common/devtools/v96/web_authn.py,sha256=0TL0N-6FB0NUndo7-GmKzCeGnA7P7EJbwnD9u2Ii07o,11824
selenium/webdriver/common/html5/__init__.py,sha256=3TKaBBK08eiCsGGFFcZlZwwjHHcmj2YO0xImghpJk38,787
selenium/webdriver/common/html5/application_cache.py,sha256=Hh1hE7M4IiF7Q5ywqEBOXSS2W1DCssjZZNl7b3QMTJA,1639
selenium/webdriver/common/keys.py,sha256=zLJXC9fGuvN6PIq0ysYSNRGUowi7lW_xnEBuG_aBBqs,2362
selenium/webdriver/common/log.py,sha256=A6wxL-QG5atg7wLeUODqcqt7KCcvjB9n9b6u8t0Hzcs,6066
selenium/webdriver/common/mutation-listener.js,sha256=LCCDyaSfZcUQ1o02IKV9Tf7cjcD8wyUkwcyxHGMp6gc,1944
selenium/webdriver/common/options.py,sha256=6cRhN-c2Fcyzt9iTh8M7TZEkuAxPNzVNfCjJIVzjwUQ,9081
selenium/webdriver/common/print_page_options.py,sha256=BU8vu438Hp0sBa8nM4179WtxT3tAc8mG_nP-PAioraw,8500
selenium/webdriver/common/proxy.py,sha256=SL1kQUgCj0uuQP-s-3r-fedr8Xf0i61vhVyIhdBANEE,10777
selenium/webdriver/common/service.py,sha256=XG1HFiRyJXv2CWGAG1vfSqR1SwanUtB5Kyh_NOXlV90,5813
selenium/webdriver/common/timeouts.py,sha256=QIGyVpTpctC_QoKIZpEfEdva2n6gr_3JgpemeZkQz60,3839
selenium/webdriver/common/touch_actions.py,sha256=ttZ8N3W_AE_r_F_npLsDUjwJkcQ_KfTZdfRQk6LdpCg,5980
selenium/webdriver/common/utils.py,sha256=aV043qj5iVjtyu8M31YuL3vnd-dk_kAmVGGSmHyP39c,4474
selenium/webdriver/common/window.py,sha256=aKIGXHSKxplXahpvbe3U-zMQbCGByTzr1i7mo5FS53k,939
selenium/webdriver/edge/__init__.py,sha256=3TKaBBK08eiCsGGFFcZlZwwjHHcmj2YO0xImghpJk38,787
selenium/webdriver/edge/options.py,sha256=hDKBZq4H0j_Tlzj-5H07axpIsptBHCm2jz-jOg1lQwI,1721
selenium/webdriver/edge/service.py,sha256=PtWRSIzYymnNj-aWzG14sR20EKPAztpIch6G3YfK1SU,2273
selenium/webdriver/edge/webdriver.py,sha256=c9KGBUsHEnxLbDCFWuoFXpd2uBBgH1R-r7uY5Y-Iz3M,3370
selenium/webdriver/firefox/__init__.py,sha256=3TKaBBK08eiCsGGFFcZlZwwjHHcmj2YO0xImghpJk38,787
selenium/webdriver/firefox/extension_connection.py,sha256=Cpd4vurneHOueCqTeNl8Umig-iUH5q7SPR4PNWYst7M,2868
selenium/webdriver/firefox/firefox_binary.py,sha256=2MwJXII_0wx7wYL3qJokkOIbcMRsKmAgMeuU4-Ta_7o,8795
selenium/webdriver/firefox/firefox_profile.py,sha256=VY0xxpYm25OeTCl42e_MweVOd7YmjlgUEr6B2AN9C7U,14506
selenium/webdriver/firefox/options.py,sha256=lxcLfi63F5FyRubxP_UbrsfP87bRo5yecKpPUDFJyV4,5397
selenium/webdriver/firefox/remote_connection.py,sha256=jrp1OOx9BfxxZdNxXrQ4nSL2TzQVYNoyqAhK12NmynM,1733
selenium/webdriver/firefox/service.py,sha256=fpNnhsLT0JlAYzyjGzroQ9PoSU3wEOpynsir7ciK8lg,2639
selenium/webdriver/firefox/webdriver.py,sha256=6mnMWqxZ4gVMkKjPZv1d3XtFJxVeg9fEswe0_KvEb08,13116
selenium/webdriver/firefox/webdriver_prefs.json,sha256=lGrdKYpeI0bj1T0cvorXwz5JlBMFEfbYt5JovlC3o0w,2826
selenium/webdriver/ie/__init__.py,sha256=3TKaBBK08eiCsGGFFcZlZwwjHHcmj2YO0xImghpJk38,787
selenium/webdriver/ie/options.py,sha256=Cm4uIrlnLDbG_O43SxgZuoF0ZdS0Xlp-tsyLdur7-6Y,11547
selenium/webdriver/ie/service.py,sha256=n_Q8sZasBt3BSKy3e66IIwX1qwLAQBNdhC4kYs_P2ec,2359
selenium/webdriver/ie/webdriver.py,sha256=klkQErwJdb5BaIzye9i0reXVBIKbBRxEyAm7eAm5LVI,5576
selenium/webdriver/opera/__init__.py,sha256=3TKaBBK08eiCsGGFFcZlZwwjHHcmj2YO0xImghpJk38,787
selenium/webdriver/opera/options.py,sha256=G9Ms7vHWdkVPBOa5XVwdjI71MIxuqfULwfGV5Nr8Glk,3435
selenium/webdriver/opera/webdriver.py,sha256=VQ19p_47yVv4ie3QH6dpu9wmetGtOvwLv371PL_sCeI,3251
selenium/webdriver/remote/__init__.py,sha256=3TKaBBK08eiCsGGFFcZlZwwjHHcmj2YO0xImghpJk38,787
selenium/webdriver/remote/bidi_connection.py,sha256=kSXSKjc0LUDPLyiYhdFYrppe3cgE5AJS95O8_U4-hG0,968
selenium/webdriver/remote/command.py,sha256=-vW7f3Qem-AhsY_88paWg_uqQ32yR-9ZABJ08shW1jc,6880
selenium/webdriver/remote/errorhandler.py,sha256=Kdfy6LATSKbswwlJ1eLgl79CKE10aqJxCBSACbeJGng,12003
selenium/webdriver/remote/file_detector.py,sha256=EgSmIb-a51KxcI3Mmyt0LuYouQjsfbx5svyo-QSSZQk,1803
selenium/webdriver/remote/findElements.js,sha256=eccGqSMLFWow7lMIA8_YfArAa6X-z-0iQ9HWBSnBETo,53824
selenium/webdriver/remote/getAttribute.js,sha256=IYbqcAcsY920rYnyMVp5Cam0qX9SpplXx02nJkHNrmo,43157
selenium/webdriver/remote/isDisplayed.js,sha256=69pAM_qjITC_ykt6Cz30FWWpkwHfkzEFSxj3kys0w4g,43996
selenium/webdriver/remote/mobile.py,sha256=TnAHAsqBJalY48iEvqS_Nk7ieJFeWEkIy6JEZgyNxhI,2689
selenium/webdriver/remote/remote_connection.py,sha256=5SLoOh6rMIKtxaDC9x9SKJTC9oXU5x86b8lG4Ju0n9Q,21925
selenium/webdriver/remote/script_key.py,sha256=vPZa9krf_ZBDjj85Z4bvnlm2hYaBx3rxEokQ7DmMLNo,1009
selenium/webdriver/remote/shadowroot.py,sha256=BeGAeEcitN2FNgPkNb0RyGAxIMOwrXwYh4EgScrSCIQ,2346
selenium/webdriver/remote/switch_to.py,sha256=5Qwq0qDI9cstzEORukt-XK2mt7yJLVN0iXkgJ0bJtqE,5084
selenium/webdriver/remote/utils.py,sha256=SBLoZTqTBNqAxjawprIgB1QeQegHWVbkQyazgSKPLKQ,978
selenium/webdriver/remote/webdriver.py,sha256=XTlGkFhPy1l4wJak50vpr2KBsbP-t53T4qHi_Tb1zTc,51402
selenium/webdriver/remote/webelement.py,sha256=wAuAQRxEL-qy9DMaNDgTatWP7rTT0YoahIKDZMRVJeg,26942
selenium/webdriver/safari/__init__.py,sha256=3TKaBBK08eiCsGGFFcZlZwwjHHcmj2YO0xImghpJk38,787
selenium/webdriver/safari/options.py,sha256=2lVWZ0Yh3mYYEreZfWig-RuaMhD1Wfnl5e_7-aMKGGw,2566
selenium/webdriver/safari/permissions.py,sha256=NkYeX6Oslo9PuofKAiWS8znaoV7piLX_7y9iaEyPCb0,942
selenium/webdriver/safari/remote_connection.py,sha256=xV5DpLXNTjWeDhoaQhmKfeyT_GcYcM88fe6fpNBoBVs,1519
selenium/webdriver/safari/service.py,sha256=Oi8I1u5wNdR00PKOE3EO-asVkrNAj4ED9dnmcq1tZXw,2514
selenium/webdriver/safari/webdriver.py,sha256=PYUvw0NMMb_y5jl1TetbW0Q3mqB4tnbr06-eyvewSRs,6277
selenium/webdriver/support/__init__.py,sha256=3TKaBBK08eiCsGGFFcZlZwwjHHcmj2YO0xImghpJk38,787
selenium/webdriver/support/abstract_event_listener.py,sha256=vuXOIu91JBQXhcfTNUz46q0-dVK9Ct2YQN_-l1wTzUc,2033
selenium/webdriver/support/color.py,sha256=izwasG2dG4hp1a4mMI81pWQqOyzuyM-qsVKYW_TkbWM,12256
selenium/webdriver/support/event_firing_webdriver.py,sha256=vJk5ZO6HBgphxTAWRLoMOOh-fhKn2ei4uIGeBm9zqts,15621
selenium/webdriver/support/events.py,sha256=amakwBWfJ37pInruIx1Jzev3-ocb6jCl9lc82TaD5Vw,920
selenium/webdriver/support/expected_conditions.py,sha256=DP856AGJ2OVwGBq3wUYqKH-3RTTfZbGEyBue2dFrudo,15316
selenium/webdriver/support/relative_locator.py,sha256=Dgks0_LuH-N9ijVMrgQn_hft8nlqqyHJptu-Stab0Aw,6042
selenium/webdriver/support/select.py,sha256=4HaLq59Xryjbg4DcFzSWzapf4e83aOovN-wRvUY2qrM,9266
selenium/webdriver/support/ui.py,sha256=q6QHalMLPmpmPV8PfmN5K3LCS3JLpygOG6JmYUd3C5k,863
selenium/webdriver/support/wait.py,sha256=nbbYD9dQhPyYMZyotwaO4NlT5jQoNKu8dPzBF69iTMU,4895
selenium/webdriver/webkitgtk/__init__.py,sha256=3TKaBBK08eiCsGGFFcZlZwwjHHcmj2YO0xImghpJk38,787
selenium/webdriver/webkitgtk/options.py,sha256=SzkGpmLIBOR7rLxW_GxS5x99AJPpvqOdXXkV2YJyCQY,2689
selenium/webdriver/webkitgtk/service.py,sha256=QgEohIwpxf81kXxbJ_ScYkI_t-UFBW48UJJ5mcUu16E,1643
selenium/webdriver/webkitgtk/webdriver.py,sha256=S8576ABulhzepJl2CxbF32nhhSll3aChA39VShj8_1k,3008
selenium/webdriver/wpewebkit/__init__.py,sha256=3TKaBBK08eiCsGGFFcZlZwwjHHcmj2YO0xImghpJk38,787
selenium/webdriver/wpewebkit/options.py,sha256=Gq8FSHACASh5WQ1YJW3gnxwwgX3b1t-y_5FZDGVqnEw,2223
selenium/webdriver/wpewebkit/service.py,sha256=IeL5O3fwuc4cQ4v32cl7HTKSjgyMOAhNMdtxgu-5TX0,1642
selenium/webdriver/wpewebkit/webdriver.py,sha256=kn9dWCH_yJ5XsK-frumG0pMVlPn5wO0N968n_763fjg,2796
