---
source: crates/rattler_installs_packages/src/sdist.rs
expression: metadata
---
WheelCoreMetadata {
    name: PackageName {
        source: "Flask",
        normalized: "flask",
    },
    version: Version {
        epoch: 0,
        release: [
            3,
            0,
            0,
        ],
        pre: None,
        post: None,
        dev: None,
        local: None,
    },
    metadata_version: MetadataVersion(
        Version {
            epoch: 0,
            release: [
                2,
                2,
            ],
            pre: None,
            post: None,
            dev: None,
            local: None,
        },
    ),
    requires_dist: [
        Requirement {
            name: "Werkzeug",
            extras: None,
            version_or_url: Some(
                VersionSpecifier(
                    VersionSpecifiers(
                        [
                            VersionSpecifier {
                                operator: GreaterThanEqual,
                                version: Version {
                                    epoch: 0,
                                    release: [
                                        3,
                                        0,
                                        0,
                                    ],
                                    pre: None,
                                    post: None,
                                    dev: None,
                                    local: None,
                                },
                            },
                        ],
                    ),
                ),
            ),
            marker: None,
        },
        Requirement {
            name: "Jinja2",
            extras: None,
            version_or_url: Some(
                VersionSpecifier(
                    VersionSpecifiers(
                        [
                            VersionSpecifier {
                                operator: GreaterThanEqual,
                                version: Version {
                                    epoch: 0,
                                    release: [
                                        3,
                                        1,
                                        2,
                                    ],
                                    pre: None,
                                    post: None,
                                    dev: None,
                                    local: None,
                                },
                            },
                        ],
                    ),
                ),
            ),
            marker: None,
        },
        Requirement {
            name: "itsdangerous",
            extras: None,
            version_or_url: Some(
                VersionSpecifier(
                    VersionSpecifiers(
                        [
                            VersionSpecifier {
                                operator: GreaterThanEqual,
                                version: Version {
                                    epoch: 0,
                                    release: [
                                        2,
                                        1,
                                        2,
                                    ],
                                    pre: None,
                                    post: None,
                                    dev: None,
                                    local: None,
                                },
                            },
                        ],
                    ),
                ),
            ),
            marker: None,
        },
        Requirement {
            name: "click",
            extras: None,
            version_or_url: Some(
                VersionSpecifier(
                    VersionSpecifiers(
                        [
                            VersionSpecifier {
                                operator: GreaterThanEqual,
                                version: Version {
                                    epoch: 0,
                                    release: [
                                        8,
                                        1,
                                        3,
                                    ],
                                    pre: None,
                                    post: None,
                                    dev: None,
                                    local: None,
                                },
                            },
                        ],
                    ),
                ),
            ),
            marker: None,
        },
        Requirement {
            name: "blinker",
            extras: None,
            version_or_url: Some(
                VersionSpecifier(
                    VersionSpecifiers(
                        [
                            VersionSpecifier {
                                operator: GreaterThanEqual,
                                version: Version {
                                    epoch: 0,
                                    release: [
                                        1,
                                        6,
                                        2,
                                    ],
                                    pre: None,
                                    post: None,
                                    dev: None,
                                    local: None,
                                },
                            },
                        ],
                    ),
                ),
            ),
            marker: None,
        },
        Requirement {
            name: "importlib-metadata",
            extras: None,
            version_or_url: Some(
                VersionSpecifier(
                    VersionSpecifiers(
                        [
                            VersionSpecifier {
                                operator: GreaterThanEqual,
                                version: Version {
                                    epoch: 0,
                                    release: [
                                        3,
                                        6,
                                        0,
                                    ],
                                    pre: None,
                                    post: None,
                                    dev: None,
                                    local: None,
                                },
                            },
                        ],
                    ),
                ),
            ),
            marker: Some(
                Expression(
                    MarkerExpression {
                        l_value: MarkerEnvVersion(
                            PythonVersion,
                        ),
                        operator: LessThan,
                        r_value: QuotedString(
                            "3.10",
                        ),
                    },
                ),
            ),
        },
        Requirement {
            name: "asgiref",
            extras: None,
            version_or_url: Some(
                VersionSpecifier(
                    VersionSpecifiers(
                        [
                            VersionSpecifier {
                                operator: GreaterThanEqual,
                                version: Version {
                                    epoch: 0,
                                    release: [
                                        3,
                                        2,
                                    ],
                                    pre: None,
                                    post: None,
                                    dev: None,
                                    local: None,
                                },
                            },
                        ],
                    ),
                ),
            ),
            marker: Some(
                Expression(
                    MarkerExpression {
                        l_value: Extra,
                        operator: Equal,
                        r_value: QuotedString(
                            "async",
                        ),
                    },
                ),
            ),
        },
        Requirement {
            name: "python-dotenv",
            extras: None,
            version_or_url: None,
            marker: Some(
                Expression(
                    MarkerExpression {
                        l_value: Extra,
                        operator: Equal,
                        r_value: QuotedString(
                            "dotenv",
                        ),
                    },
                ),
            ),
        },
    ],
    requires_python: Some(
        VersionSpecifiers(
            [
                VersionSpecifier {
                    operator: GreaterThanEqual,
                    version: Version {
                        epoch: 0,
                        release: [
                            3,
                            8,
                        ],
                        pre: None,
                        post: None,
                        dev: None,
                        local: None,
                    },
                },
            ],
        ),
    ),
    extras: {
        Extra {
            source: "dotenv",
            normalized: "dotenv",
        },
        Extra {
            source: "async",
            normalized: "async",
        },
    },
}
