---
source: crates/rattler_installs_packages/src/artifact.rs
expression: record_content
---
pure.py,sha256=VRmPEZgJrqUEQPsd8wxEp7cMWzySWs7MojKDGZhjUCQ,28
purelib_and_platlib-1.0.0.dist-info/INSTALLER,sha256=sOojXQj3PxwFYnOOnlKKonWqjWalJThPazpTVstLHiI,4
purelib_and_platlib-1.0.0.dist-info/METADATA,sha256=3YoTq5hsIcUfHSB9eMPScL0ntE8JfFNnwUAL9qUjy5g,62
purelib_and_platlib-1.0.0.dist-info/RECORD,,
purelib_and_platlib-1.0.0.dist-info/WHEEL,sha256=3L-5uHiSOZxNkLCtSZK7mYrls2MmCfq0WHor5xNVzco,86

